<?xml version="1.0" encoding="ISO-8859-1" ?>
<link_info>
   <banner>TI ARM Linker PC v20.2.2.LTS</banner>
   <copyright>Copyright (c) 1996-2018 Texas Instruments Incorporated</copyright>
   <link_time>0x604edd0a</link_time>
   <link_errors>0x0</link_errors>
   <output_file>ssl.out</output_file>
   <entry_point>
      <name>_c_int00_noargs</name>
      <address>0x2000ef6d</address>
   </entry_point>
   <input_file_list>
      <input_file id="fl-2">
         <path>.\</path>
         <kind>object</kind>
         <file>Adafruit_GFX.obj</file>
         <name>Adafruit_GFX.obj</name>
      </input_file>
      <input_file id="fl-3">
         <path>.\</path>
         <kind>object</kind>
         <file>Adafruit_OLED.obj</file>
         <name>Adafruit_OLED.obj</name>
      </input_file>
      <input_file id="fl-4">
         <path>.\</path>
         <kind>object</kind>
         <file>base64.obj</file>
         <name>base64.obj</name>
      </input_file>
      <input_file id="fl-5">
         <path>.\</path>
         <kind>object</kind>
         <file>game.obj</file>
         <name>game.obj</name>
      </input_file>
      <input_file id="fl-6">
         <path>.\</path>
         <kind>object</kind>
         <file>gpio_if.obj</file>
         <name>gpio_if.obj</name>
      </input_file>
      <input_file id="fl-7">
         <path>.\</path>
         <kind>object</kind>
         <file>i2c_if.obj</file>
         <name>i2c_if.obj</name>
      </input_file>
      <input_file id="fl-8">
         <path>.\</path>
         <kind>object</kind>
         <file>main.obj</file>
         <name>main.obj</name>
      </input_file>
      <input_file id="fl-9">
         <path>.\</path>
         <kind>object</kind>
         <file>network_common.obj</file>
         <name>network_common.obj</name>
      </input_file>
      <input_file id="fl-a">
         <path>.\</path>
         <kind>object</kind>
         <file>pinmux.obj</file>
         <name>pinmux.obj</name>
      </input_file>
      <input_file id="fl-b">
         <path>.\</path>
         <kind>object</kind>
         <file>startup_ccs.obj</file>
         <name>startup_ccs.obj</name>
      </input_file>
      <input_file id="fl-c">
         <path>.\</path>
         <kind>object</kind>
         <file>test.obj</file>
         <name>test.obj</name>
      </input_file>
      <input_file id="fl-d">
         <path>.\</path>
         <kind>object</kind>
         <file>tiny-json.obj</file>
         <name>tiny-json.obj</name>
      </input_file>
      <input_file id="fl-e">
         <path>.\</path>
         <kind>object</kind>
         <file>uart_if.obj</file>
         <name>uart_if.obj</name>
      </input_file>
      <input_file id="fl-14">
         <kind>object</kind>
         <file>&lt;internal&gt;</file>
         <name>&lt;internal&gt;</name>
      </input_file>
      <input_file id="fl-15">
         <path>C:\ti\CC3200SDK_1.5.0\cc3200-sdk\simplelink\ccs\NON_OS_debug\</path>
         <kind>archive</kind>
         <file>simplelink.a</file>
         <name>device.obj</name>
      </input_file>
      <input_file id="fl-16">
         <path>C:\ti\CC3200SDK_1.5.0\cc3200-sdk\simplelink\ccs\NON_OS_debug\</path>
         <kind>archive</kind>
         <file>simplelink.a</file>
         <name>driver.obj</name>
      </input_file>
      <input_file id="fl-17">
         <path>C:\ti\CC3200SDK_1.5.0\cc3200-sdk\simplelink\ccs\NON_OS_debug\</path>
         <kind>archive</kind>
         <file>simplelink.a</file>
         <name>netapp.obj</name>
      </input_file>
      <input_file id="fl-18">
         <path>C:\ti\CC3200SDK_1.5.0\cc3200-sdk\simplelink\ccs\NON_OS_debug\</path>
         <kind>archive</kind>
         <file>simplelink.a</file>
         <name>netcfg.obj</name>
      </input_file>
      <input_file id="fl-19">
         <path>C:\ti\CC3200SDK_1.5.0\cc3200-sdk\simplelink\ccs\NON_OS_debug\</path>
         <kind>archive</kind>
         <file>simplelink.a</file>
         <name>nonos.obj</name>
      </input_file>
      <input_file id="fl-1a">
         <path>C:\ti\CC3200SDK_1.5.0\cc3200-sdk\simplelink\ccs\NON_OS_debug\</path>
         <kind>archive</kind>
         <file>simplelink.a</file>
         <name>socket.obj</name>
      </input_file>
      <input_file id="fl-1b">
         <path>C:\ti\CC3200SDK_1.5.0\cc3200-sdk\simplelink\ccs\NON_OS_debug\</path>
         <kind>archive</kind>
         <file>simplelink.a</file>
         <name>wlan.obj</name>
      </input_file>
      <input_file id="fl-1c">
         <path>C:\ti\CC3200SDK_1.5.0\cc3200-sdk\simplelink\ccs\NON_OS_debug\</path>
         <kind>archive</kind>
         <file>simplelink.a</file>
         <name>cc_pal.obj</name>
      </input_file>
      <input_file id="fl-1d">
         <path>C:\ti\CC3200SDK_1.5.0\cc3200-sdk\driverlib\ccs\Release\</path>
         <kind>archive</kind>
         <file>driverlib.a</file>
         <name>gpio.obj</name>
      </input_file>
      <input_file id="fl-1e">
         <path>C:\ti\CC3200SDK_1.5.0\cc3200-sdk\driverlib\ccs\Release\</path>
         <kind>archive</kind>
         <file>driverlib.a</file>
         <name>i2c.obj</name>
      </input_file>
      <input_file id="fl-1f">
         <path>C:\ti\CC3200SDK_1.5.0\cc3200-sdk\driverlib\ccs\Release\</path>
         <kind>archive</kind>
         <file>driverlib.a</file>
         <name>interrupt.obj</name>
      </input_file>
      <input_file id="fl-20">
         <path>C:\ti\CC3200SDK_1.5.0\cc3200-sdk\driverlib\ccs\Release\</path>
         <kind>archive</kind>
         <file>driverlib.a</file>
         <name>pin.obj</name>
      </input_file>
      <input_file id="fl-21">
         <path>C:\ti\CC3200SDK_1.5.0\cc3200-sdk\driverlib\ccs\Release\</path>
         <kind>archive</kind>
         <file>driverlib.a</file>
         <name>prcm.obj</name>
      </input_file>
      <input_file id="fl-22">
         <path>C:\ti\CC3200SDK_1.5.0\cc3200-sdk\driverlib\ccs\Release\</path>
         <kind>archive</kind>
         <file>driverlib.a</file>
         <name>spi.obj</name>
      </input_file>
      <input_file id="fl-23">
         <path>C:\ti\CC3200SDK_1.5.0\cc3200-sdk\driverlib\ccs\Release\</path>
         <kind>archive</kind>
         <file>driverlib.a</file>
         <name>timer.obj</name>
      </input_file>
      <input_file id="fl-24">
         <path>C:\ti\CC3200SDK_1.5.0\cc3200-sdk\driverlib\ccs\Release\</path>
         <kind>archive</kind>
         <file>driverlib.a</file>
         <name>uart.obj</name>
      </input_file>
      <input_file id="fl-25">
         <path>C:\ti\CC3200SDK_1.5.0\cc3200-sdk\driverlib\ccs\Release\</path>
         <kind>archive</kind>
         <file>driverlib.a</file>
         <name>udma.obj</name>
      </input_file>
      <input_file id="fl-26">
         <path>C:\ti\CC3200SDK_1.5.0\cc3200-sdk\driverlib\ccs\Release\</path>
         <kind>archive</kind>
         <file>driverlib.a</file>
         <name>utils.obj</name>
      </input_file>
      <input_file id="fl-27">
         <path>C:\ti\CC3200SDK_1.5.0\cc3200-sdk\driverlib\ccs\Release\</path>
         <kind>archive</kind>
         <file>driverlib.a</file>
         <name>cpu.obj</name>
      </input_file>
      <input_file id="fl-28">
         <path>C:\ti\CC3200SDK_1.5.0\cc3200-sdk\driverlib\ccs\Release\</path>
         <kind>archive</kind>
         <file>driverlib.a</file>
         <name>flash.obj</name>
      </input_file>
      <input_file id="fl-de">
         <path>C:\ti\ccs1020\ccs\tools\compiler\ti-cgt-arm_20.2.2.LTS\lib\</path>
         <kind>archive</kind>
         <file>rtsv7M4_T_le_eabi.lib</file>
         <name>vla_alloc.c.obj</name>
      </input_file>
      <input_file id="fl-df">
         <path>C:\ti\ccs1020\ccs\tools\compiler\ti-cgt-arm_20.2.2.LTS\lib\</path>
         <kind>archive</kind>
         <file>rtsv7M4_T_le_eabi.lib</file>
         <name>printf.c.obj</name>
      </input_file>
      <input_file id="fl-e0">
         <path>C:\ti\ccs1020\ccs\tools\compiler\ti-cgt-arm_20.2.2.LTS\lib\</path>
         <kind>archive</kind>
         <file>rtsv7M4_T_le_eabi.lib</file>
         <name>_printfi.c.obj</name>
      </input_file>
      <input_file id="fl-e1">
         <path>C:\ti\ccs1020\ccs\tools\compiler\ti-cgt-arm_20.2.2.LTS\lib\</path>
         <kind>archive</kind>
         <file>rtsv7M4_T_le_eabi.lib</file>
         <name>sprintf.c.obj</name>
      </input_file>
      <input_file id="fl-e2">
         <path>C:\ti\ccs1020\ccs\tools\compiler\ti-cgt-arm_20.2.2.LTS\lib\</path>
         <kind>archive</kind>
         <file>rtsv7M4_T_le_eabi.lib</file>
         <name>vsnprintf.c.obj</name>
      </input_file>
      <input_file id="fl-e3">
         <path>C:\ti\ccs1020\ccs\tools\compiler\ti-cgt-arm_20.2.2.LTS\lib\</path>
         <kind>archive</kind>
         <file>rtsv7M4_T_le_eabi.lib</file>
         <name>fputc.c.obj</name>
      </input_file>
      <input_file id="fl-e4">
         <path>C:\ti\ccs1020\ccs\tools\compiler\ti-cgt-arm_20.2.2.LTS\lib\</path>
         <kind>archive</kind>
         <file>rtsv7M4_T_le_eabi.lib</file>
         <name>fputs.c.obj</name>
      </input_file>
      <input_file id="fl-e5">
         <path>C:\ti\ccs1020\ccs\tools\compiler\ti-cgt-arm_20.2.2.LTS\lib\</path>
         <kind>archive</kind>
         <file>rtsv7M4_T_le_eabi.lib</file>
         <name>_io_perm.c.obj</name>
      </input_file>
      <input_file id="fl-e6">
         <path>C:\ti\ccs1020\ccs\tools\compiler\ti-cgt-arm_20.2.2.LTS\lib\</path>
         <kind>archive</kind>
         <file>rtsv7M4_T_le_eabi.lib</file>
         <name>setvbuf.c.obj</name>
      </input_file>
      <input_file id="fl-e7">
         <path>C:\ti\ccs1020\ccs\tools\compiler\ti-cgt-arm_20.2.2.LTS\lib\</path>
         <kind>archive</kind>
         <file>rtsv7M4_T_le_eabi.lib</file>
         <name>fd_add_t2.asm.obj</name>
      </input_file>
      <input_file id="fl-e8">
         <path>C:\ti\ccs1020\ccs\tools\compiler\ti-cgt-arm_20.2.2.LTS\lib\</path>
         <kind>archive</kind>
         <file>rtsv7M4_T_le_eabi.lib</file>
         <name>fd_cmp_t2.asm.obj</name>
      </input_file>
      <input_file id="fl-e9">
         <path>C:\ti\ccs1020\ccs\tools\compiler\ti-cgt-arm_20.2.2.LTS\lib\</path>
         <kind>archive</kind>
         <file>rtsv7M4_T_le_eabi.lib</file>
         <name>fd_div_t2.asm.obj</name>
      </input_file>
      <input_file id="fl-ea">
         <path>C:\ti\ccs1020\ccs\tools\compiler\ti-cgt-arm_20.2.2.LTS\lib\</path>
         <kind>archive</kind>
         <file>rtsv7M4_T_le_eabi.lib</file>
         <name>fd_mul_t2.asm.obj</name>
      </input_file>
      <input_file id="fl-eb">
         <path>C:\ti\ccs1020\ccs\tools\compiler\ti-cgt-arm_20.2.2.LTS\lib\</path>
         <kind>archive</kind>
         <file>rtsv7M4_T_le_eabi.lib</file>
         <name>fd_toi_t2.asm.obj</name>
      </input_file>
      <input_file id="fl-ec">
         <path>C:\ti\ccs1020\ccs\tools\compiler\ti-cgt-arm_20.2.2.LTS\lib\</path>
         <kind>archive</kind>
         <file>rtsv7M4_T_le_eabi.lib</file>
         <name>i_tofd_t2.asm.obj</name>
      </input_file>
      <input_file id="fl-ed">
         <path>C:\ti\ccs1020\ccs\tools\compiler\ti-cgt-arm_20.2.2.LTS\lib\</path>
         <kind>archive</kind>
         <file>rtsv7M4_T_le_eabi.lib</file>
         <name>memcpy_t2.asm.obj</name>
      </input_file>
      <input_file id="fl-ee">
         <path>C:\ti\ccs1020\ccs\tools\compiler\ti-cgt-arm_20.2.2.LTS\lib\</path>
         <kind>archive</kind>
         <file>rtsv7M4_T_le_eabi.lib</file>
         <name>ull_div_t2.asm.obj</name>
      </input_file>
      <input_file id="fl-ef">
         <path>C:\ti\ccs1020\ccs\tools\compiler\ti-cgt-arm_20.2.2.LTS\lib\</path>
         <kind>archive</kind>
         <file>rtsv7M4_T_le_eabi.lib</file>
         <name>memset_t2.asm.obj</name>
      </input_file>
      <input_file id="fl-f0">
         <path>C:\ti\ccs1020\ccs\tools\compiler\ti-cgt-arm_20.2.2.LTS\lib\</path>
         <kind>archive</kind>
         <file>rtsv7M4_T_le_eabi.lib</file>
         <name>copy_zero_init.c.obj</name>
      </input_file>
      <input_file id="fl-f1">
         <path>C:\ti\ccs1020\ccs\tools\compiler\ti-cgt-arm_20.2.2.LTS\lib\</path>
         <kind>archive</kind>
         <file>rtsv7M4_T_le_eabi.lib</file>
         <name>copy_decompress_none.c.obj</name>
      </input_file>
      <input_file id="fl-f2">
         <path>C:\ti\ccs1020\ccs\tools\compiler\ti-cgt-arm_20.2.2.LTS\lib\</path>
         <kind>archive</kind>
         <file>rtsv7M4_T_le_eabi.lib</file>
         <name>copy_decompress_lzss.c.obj</name>
      </input_file>
      <input_file id="fl-f3">
         <path>C:\ti\ccs1020\ccs\tools\compiler\ti-cgt-arm_20.2.2.LTS\lib\</path>
         <kind>archive</kind>
         <file>rtsv7M4_T_le_eabi.lib</file>
         <name>exit.c.obj</name>
      </input_file>
      <input_file id="fl-f4">
         <path>C:\ti\ccs1020\ccs\tools\compiler\ti-cgt-arm_20.2.2.LTS\lib\</path>
         <kind>archive</kind>
         <file>rtsv7M4_T_le_eabi.lib</file>
         <name>_lock.c.obj</name>
      </input_file>
      <input_file id="fl-f5">
         <path>C:\ti\ccs1020\ccs\tools\compiler\ti-cgt-arm_20.2.2.LTS\lib\</path>
         <kind>archive</kind>
         <file>rtsv7M4_T_le_eabi.lib</file>
         <name>_ltoa.c.obj</name>
      </input_file>
      <input_file id="fl-f6">
         <path>C:\ti\ccs1020\ccs\tools\compiler\ti-cgt-arm_20.2.2.LTS\lib\</path>
         <kind>archive</kind>
         <file>rtsv7M4_T_le_eabi.lib</file>
         <name>atoi.c.obj</name>
      </input_file>
      <input_file id="fl-f7">
         <path>C:\ti\ccs1020\ccs\tools\compiler\ti-cgt-arm_20.2.2.LTS\lib\</path>
         <kind>archive</kind>
         <file>rtsv7M4_T_le_eabi.lib</file>
         <name>ctype.c.obj</name>
      </input_file>
      <input_file id="fl-f8">
         <path>C:\ti\ccs1020\ccs\tools\compiler\ti-cgt-arm_20.2.2.LTS\lib\</path>
         <kind>archive</kind>
         <file>rtsv7M4_T_le_eabi.lib</file>
         <name>defs.c.obj</name>
      </input_file>
      <input_file id="fl-f9">
         <path>C:\ti\ccs1020\ccs\tools\compiler\ti-cgt-arm_20.2.2.LTS\lib\</path>
         <kind>archive</kind>
         <file>rtsv7M4_T_le_eabi.lib</file>
         <name>isdigit.c.obj</name>
      </input_file>
      <input_file id="fl-fa">
         <path>C:\ti\ccs1020\ccs\tools\compiler\ti-cgt-arm_20.2.2.LTS\lib\</path>
         <kind>archive</kind>
         <file>rtsv7M4_T_le_eabi.lib</file>
         <name>isxdigit.c.obj</name>
      </input_file>
      <input_file id="fl-fb">
         <path>C:\ti\ccs1020\ccs\tools\compiler\ti-cgt-arm_20.2.2.LTS\lib\</path>
         <kind>archive</kind>
         <file>rtsv7M4_T_le_eabi.lib</file>
         <name>memccpy.c.obj</name>
      </input_file>
      <input_file id="fl-fc">
         <path>C:\ti\ccs1020\ccs\tools\compiler\ti-cgt-arm_20.2.2.LTS\lib\</path>
         <kind>archive</kind>
         <file>rtsv7M4_T_le_eabi.lib</file>
         <name>memchr.c.obj</name>
      </input_file>
      <input_file id="fl-fd">
         <path>C:\ti\ccs1020\ccs\tools\compiler\ti-cgt-arm_20.2.2.LTS\lib\</path>
         <kind>archive</kind>
         <file>rtsv7M4_T_le_eabi.lib</file>
         <name>memmov.c.obj</name>
      </input_file>
      <input_file id="fl-fe">
         <path>C:\ti\ccs1020\ccs\tools\compiler\ti-cgt-arm_20.2.2.LTS\lib\</path>
         <kind>archive</kind>
         <file>rtsv7M4_T_le_eabi.lib</file>
         <name>memory.c.obj</name>
      </input_file>
      <input_file id="fl-ff">
         <path>C:\ti\ccs1020\ccs\tools\compiler\ti-cgt-arm_20.2.2.LTS\lib\</path>
         <kind>archive</kind>
         <file>rtsv7M4_T_le_eabi.lib</file>
         <name>strchr.c.obj</name>
      </input_file>
      <input_file id="fl-100">
         <path>C:\ti\ccs1020\ccs\tools\compiler\ti-cgt-arm_20.2.2.LTS\lib\</path>
         <kind>archive</kind>
         <file>rtsv7M4_T_le_eabi.lib</file>
         <name>strcmp.c.obj</name>
      </input_file>
      <input_file id="fl-101">
         <path>C:\ti\ccs1020\ccs\tools\compiler\ti-cgt-arm_20.2.2.LTS\lib\</path>
         <kind>archive</kind>
         <file>rtsv7M4_T_le_eabi.lib</file>
         <name>strcpy.c.obj</name>
      </input_file>
      <input_file id="fl-102">
         <path>C:\ti\ccs1020\ccs\tools\compiler\ti-cgt-arm_20.2.2.LTS\lib\</path>
         <kind>archive</kind>
         <file>rtsv7M4_T_le_eabi.lib</file>
         <name>strlen.c.obj</name>
      </input_file>
      <input_file id="fl-103">
         <path>C:\ti\ccs1020\ccs\tools\compiler\ti-cgt-arm_20.2.2.LTS\lib\</path>
         <kind>archive</kind>
         <file>rtsv7M4_T_le_eabi.lib</file>
         <name>strncpy.c.obj</name>
      </input_file>
      <input_file id="fl-104">
         <path>C:\ti\ccs1020\ccs\tools\compiler\ti-cgt-arm_20.2.2.LTS\lib\</path>
         <kind>archive</kind>
         <file>rtsv7M4_T_le_eabi.lib</file>
         <name>write.c.obj</name>
      </input_file>
      <input_file id="fl-105">
         <path>C:\ti\ccs1020\ccs\tools\compiler\ti-cgt-arm_20.2.2.LTS\lib\</path>
         <kind>archive</kind>
         <file>rtsv7M4_T_le_eabi.lib</file>
         <name>host_device.c.obj</name>
      </input_file>
      <input_file id="fl-106">
         <path>C:\ti\ccs1020\ccs\tools\compiler\ti-cgt-arm_20.2.2.LTS\lib\</path>
         <kind>archive</kind>
         <file>rtsv7M4_T_le_eabi.lib</file>
         <name>boot_cortex_m.c.obj</name>
      </input_file>
      <input_file id="fl-107">
         <path>C:\ti\ccs1020\ccs\tools\compiler\ti-cgt-arm_20.2.2.LTS\lib\</path>
         <kind>archive</kind>
         <file>rtsv7M4_T_le_eabi.lib</file>
         <name>errno.c.obj</name>
      </input_file>
      <input_file id="fl-108">
         <path>C:\ti\ccs1020\ccs\tools\compiler\ti-cgt-arm_20.2.2.LTS\lib\</path>
         <kind>archive</kind>
         <file>rtsv7M4_T_le_eabi.lib</file>
         <name>s_frexp.c.obj</name>
      </input_file>
      <input_file id="fl-109">
         <path>C:\ti\ccs1020\ccs\tools\compiler\ti-cgt-arm_20.2.2.LTS\lib\</path>
         <kind>archive</kind>
         <file>rtsv7M4_T_le_eabi.lib</file>
         <name>s_scalbn.c.obj</name>
      </input_file>
      <input_file id="fl-10a">
         <path>C:\ti\ccs1020\ccs\tools\compiler\ti-cgt-arm_20.2.2.LTS\lib\</path>
         <kind>archive</kind>
         <file>rtsv7M4_T_le_eabi.lib</file>
         <name>error.c.obj</name>
      </input_file>
      <input_file id="fl-10b">
         <path>C:\ti\ccs1020\ccs\tools\compiler\ti-cgt-arm_20.2.2.LTS\lib\</path>
         <kind>archive</kind>
         <file>rtsv7M4_T_le_eabi.lib</file>
         <name>wcslen.c.obj</name>
      </input_file>
      <input_file id="fl-10c">
         <path>C:\ti\ccs1020\ccs\tools\compiler\ti-cgt-arm_20.2.2.LTS\lib\</path>
         <kind>archive</kind>
         <file>rtsv7M4_T_le_eabi.lib</file>
         <name>s_copysign.c.obj</name>
      </input_file>
      <input_file id="fl-10d">
         <path>C:\ti\ccs1020\ccs\tools\compiler\ti-cgt-arm_20.2.2.LTS\lib\</path>
         <kind>archive</kind>
         <file>rtsv7M4_T_le_eabi.lib</file>
         <name>fflush.c.obj</name>
      </input_file>
      <input_file id="fl-10e">
         <path>C:\ti\ccs1020\ccs\tools\compiler\ti-cgt-arm_20.2.2.LTS\lib\</path>
         <kind>archive</kind>
         <file>rtsv7M4_T_le_eabi.lib</file>
         <name>fopen.c.obj</name>
      </input_file>
      <input_file id="fl-10f">
         <path>C:\ti\ccs1020\ccs\tools\compiler\ti-cgt-arm_20.2.2.LTS\lib\</path>
         <kind>archive</kind>
         <file>rtsv7M4_T_le_eabi.lib</file>
         <name>fseek.c.obj</name>
      </input_file>
      <input_file id="fl-110">
         <path>C:\ti\ccs1020\ccs\tools\compiler\ti-cgt-arm_20.2.2.LTS\lib\</path>
         <kind>archive</kind>
         <file>rtsv7M4_T_le_eabi.lib</file>
         <name>div0.asm.obj</name>
      </input_file>
      <input_file id="fl-111">
         <path>C:\ti\ccs1020\ccs\tools\compiler\ti-cgt-arm_20.2.2.LTS\lib\</path>
         <kind>archive</kind>
         <file>rtsv7M4_T_le_eabi.lib</file>
         <name>autoinit.c.obj</name>
      </input_file>
      <input_file id="fl-112">
         <path>C:\ti\ccs1020\ccs\tools\compiler\ti-cgt-arm_20.2.2.LTS\lib\</path>
         <kind>archive</kind>
         <file>rtsv7M4_T_le_eabi.lib</file>
         <name>pre_init.c.obj</name>
      </input_file>
      <input_file id="fl-113">
         <path>C:\ti\ccs1020\ccs\tools\compiler\ti-cgt-arm_20.2.2.LTS\lib\</path>
         <kind>archive</kind>
         <file>rtsv7M4_T_le_eabi.lib</file>
         <name>cpy_tbl.c.obj</name>
      </input_file>
      <input_file id="fl-114">
         <path>C:\ti\ccs1020\ccs\tools\compiler\ti-cgt-arm_20.2.2.LTS\lib\</path>
         <kind>archive</kind>
         <file>rtsv7M4_T_le_eabi.lib</file>
         <name>args_main.c.obj</name>
      </input_file>
      <input_file id="fl-115">
         <path>C:\ti\ccs1020\ccs\tools\compiler\ti-cgt-arm_20.2.2.LTS\lib\</path>
         <kind>archive</kind>
         <file>rtsv7M4_T_le_eabi.lib</file>
         <name>hostclose.c.obj</name>
      </input_file>
      <input_file id="fl-116">
         <path>C:\ti\ccs1020\ccs\tools\compiler\ti-cgt-arm_20.2.2.LTS\lib\</path>
         <kind>archive</kind>
         <file>rtsv7M4_T_le_eabi.lib</file>
         <name>hostlseek.c.obj</name>
      </input_file>
      <input_file id="fl-117">
         <path>C:\ti\ccs1020\ccs\tools\compiler\ti-cgt-arm_20.2.2.LTS\lib\</path>
         <kind>archive</kind>
         <file>rtsv7M4_T_le_eabi.lib</file>
         <name>hostopen.c.obj</name>
      </input_file>
      <input_file id="fl-118">
         <path>C:\ti\ccs1020\ccs\tools\compiler\ti-cgt-arm_20.2.2.LTS\lib\</path>
         <kind>archive</kind>
         <file>rtsv7M4_T_le_eabi.lib</file>
         <name>hostread.c.obj</name>
      </input_file>
      <input_file id="fl-119">
         <path>C:\ti\ccs1020\ccs\tools\compiler\ti-cgt-arm_20.2.2.LTS\lib\</path>
         <kind>archive</kind>
         <file>rtsv7M4_T_le_eabi.lib</file>
         <name>hostrename.c.obj</name>
      </input_file>
      <input_file id="fl-11a">
         <path>C:\ti\ccs1020\ccs\tools\compiler\ti-cgt-arm_20.2.2.LTS\lib\</path>
         <kind>archive</kind>
         <file>rtsv7M4_T_le_eabi.lib</file>
         <name>hostunlink.c.obj</name>
      </input_file>
      <input_file id="fl-11b">
         <path>C:\ti\ccs1020\ccs\tools\compiler\ti-cgt-arm_20.2.2.LTS\lib\</path>
         <kind>archive</kind>
         <file>rtsv7M4_T_le_eabi.lib</file>
         <name>hostwrite.c.obj</name>
      </input_file>
      <input_file id="fl-11c">
         <path>C:\ti\ccs1020\ccs\tools\compiler\ti-cgt-arm_20.2.2.LTS\lib\</path>
         <kind>archive</kind>
         <file>rtsv7M4_T_le_eabi.lib</file>
         <name>trgmsg.c.obj</name>
      </input_file>
      <input_file id="fl-11d">
         <path>C:\ti\ccs1020\ccs\tools\compiler\ti-cgt-arm_20.2.2.LTS\lib\</path>
         <kind>archive</kind>
         <file>rtsv7M4_T_le_eabi.lib</file>
         <name>open.c.obj</name>
      </input_file>
      <input_file id="fl-11e">
         <path>C:\ti\ccs1020\ccs\tools\compiler\ti-cgt-arm_20.2.2.LTS\lib\</path>
         <kind>archive</kind>
         <file>rtsv7M4_T_le_eabi.lib</file>
         <name>lseek.c.obj</name>
      </input_file>
      <input_file id="fl-11f">
         <path>C:\ti\ccs1020\ccs\tools\compiler\ti-cgt-arm_20.2.2.LTS\lib\</path>
         <kind>archive</kind>
         <file>rtsv7M4_T_le_eabi.lib</file>
         <name>fclose.c.obj</name>
      </input_file>
      <input_file id="fl-120">
         <path>C:\ti\ccs1020\ccs\tools\compiler\ti-cgt-arm_20.2.2.LTS\lib\</path>
         <kind>archive</kind>
         <file>rtsv7M4_T_le_eabi.lib</file>
         <name>getdevice.c.obj</name>
      </input_file>
      <input_file id="fl-121">
         <path>C:\ti\ccs1020\ccs\tools\compiler\ti-cgt-arm_20.2.2.LTS\lib\</path>
         <kind>archive</kind>
         <file>rtsv7M4_T_le_eabi.lib</file>
         <name>remove.c.obj</name>
      </input_file>
      <input_file id="fl-122">
         <path>C:\ti\ccs1020\ccs\tools\compiler\ti-cgt-arm_20.2.2.LTS\lib\</path>
         <kind>archive</kind>
         <file>rtsv7M4_T_le_eabi.lib</file>
         <name>close.c.obj</name>
      </input_file>
      <input_file id="fl-123">
         <path>C:\ti\ccs1020\ccs\tools\compiler\ti-cgt-arm_20.2.2.LTS\lib\</path>
         <kind>archive</kind>
         <file>rtsv7M4_T_le_eabi.lib</file>
         <name>unlink.c.obj</name>
      </input_file>
   </input_file_list>
   <object_component_list>
      <object_component id="oc-12">
         <name>.intvecs</name>
         <load_address>0x20004000</load_address>
         <run_address>0x20004000</run_address>
         <size>0x400</size>
         <input_file_ref idref="fl-b"/>
      </object_component>
      <object_component id="oc-97">
         <name>.text</name>
         <load_address>0x20004400</load_address>
         <run_address>0x20004400</run_address>
         <size>0x173c</size>
         <input_file_ref idref="fl-8"/>
      </object_component>
      <object_component id="oc-4f6">
         <name>.text:__TI_printfi</name>
         <load_address>0x20005b3c</load_address>
         <run_address>0x20005b3c</run_address>
         <size>0xa4e</size>
         <input_file_ref idref="fl-e0"/>
      </object_component>
      <object_component id="oc-81e">
         <name>.text:IntDefaultHandler</name>
         <load_address>0x2000658a</load_address>
         <run_address>0x2000658a</run_address>
         <size>0x2</size>
         <input_file_ref idref="fl-1f"/>
      </object_component>
      <object_component id="oc-19b">
         <name>.text</name>
         <load_address>0x2000658c</load_address>
         <run_address>0x2000658c</run_address>
         <size>0x740</size>
         <input_file_ref idref="fl-5"/>
      </object_component>
      <object_component id="oc-830">
         <name>.text:_SlDrvMsgRead</name>
         <load_address>0x20006ccc</load_address>
         <run_address>0x20006ccc</run_address>
         <size>0x590</size>
         <input_file_ref idref="fl-16"/>
      </object_component>
      <object_component id="oc-4e8">
         <name>.text</name>
         <load_address>0x2000725c</load_address>
         <run_address>0x2000725c</run_address>
         <size>0x4a2</size>
         <input_file_ref idref="fl-3"/>
      </object_component>
      <object_component id="oc-7bb">
         <name>.text:_nop</name>
         <load_address>0x200076fe</load_address>
         <run_address>0x200076fe</run_address>
         <size>0x2</size>
         <input_file_ref idref="fl-f4"/>
      </object_component>
      <object_component id="oc-145">
         <name>.text</name>
         <load_address>0x20007700</load_address>
         <run_address>0x20007700</run_address>
         <size>0x398</size>
         <input_file_ref idref="fl-6"/>
      </object_component>
      <object_component id="oc-183">
         <name>.text</name>
         <load_address>0x20007a98</load_address>
         <run_address>0x20007a98</run_address>
         <size>0x2a0</size>
         <input_file_ref idref="fl-7"/>
      </object_component>
      <object_component id="oc-18f">
         <name>.text</name>
         <load_address>0x20007d38</load_address>
         <run_address>0x20007d38</run_address>
         <size>0x280</size>
         <input_file_ref idref="fl-4"/>
      </object_component>
      <object_component id="oc-13f">
         <name>.text:sl_WlanConnect</name>
         <load_address>0x20007fb8</load_address>
         <run_address>0x20007fb8</run_address>
         <size>0x280</size>
         <input_file_ref idref="fl-1b"/>
      </object_component>
      <object_component id="oc-c5">
         <name>.text</name>
         <load_address>0x20008238</load_address>
         <run_address>0x20008238</run_address>
         <size>0x27c</size>
         <input_file_ref idref="fl-e"/>
      </object_component>
      <object_component id="oc-777">
         <name>.text:_pconv_a</name>
         <load_address>0x200084b4</load_address>
         <run_address>0x200084b4</run_address>
         <size>0x268</size>
         <input_file_ref idref="fl-e0"/>
      </object_component>
      <object_component id="oc-92f">
         <name>.text:_SlDrvRxHdrRead</name>
         <load_address>0x2000871c</load_address>
         <run_address>0x2000871c</run_address>
         <size>0x248</size>
         <input_file_ref idref="fl-16"/>
      </object_component>
      <object_component id="oc-51e">
         <name>.text:_SlDrvDataReadOp</name>
         <load_address>0x20008964</load_address>
         <run_address>0x20008964</run_address>
         <size>0x1e4</size>
         <input_file_ref idref="fl-16"/>
      </object_component>
      <object_component id="oc-2be">
         <name>.text:_SlDrvReleasePoolObj</name>
         <load_address>0x20008b48</load_address>
         <run_address>0x20008b48</run_address>
         <size>0x1d0</size>
         <input_file_ref idref="fl-16"/>
      </object_component>
      <object_component id="oc-765">
         <name>.text:_pconv_g</name>
         <load_address>0x20008d18</load_address>
         <run_address>0x20008d18</run_address>
         <size>0x1cc</size>
         <input_file_ref idref="fl-e0"/>
      </object_component>
      <object_component id="oc-8bc">
         <name>.text</name>
         <load_address>0x20008ee4</load_address>
         <run_address>0x20008ee4</run_address>
         <size>0x1b6</size>
         <input_file_ref idref="fl-e7"/>
      </object_component>
      <object_component id="oc-98c">
         <name>.text</name>
         <load_address>0x2000909a</load_address>
         <run_address>0x2000909a</run_address>
         <size>0x2</size>
         <input_file_ref idref="fl-110"/>
      </object_component>
      <object_component id="oc-294">
         <name>.text:_SlDrvDriverCBInit</name>
         <load_address>0x2000909c</load_address>
         <run_address>0x2000909c</run_address>
         <size>0x1b4</size>
         <input_file_ref idref="fl-16"/>
      </object_component>
      <object_component id="oc-64f">
         <name>.text:_SlDrvMsgWrite</name>
         <load_address>0x20009250</load_address>
         <run_address>0x20009250</run_address>
         <size>0x19c</size>
         <input_file_ref idref="fl-16"/>
      </object_component>
      <object_component id="oc-3c1">
         <name>.text:_SlDrvWaitForPoolObj</name>
         <load_address>0x200093ec</load_address>
         <run_address>0x200093ec</run_address>
         <size>0x190</size>
         <input_file_ref idref="fl-16"/>
      </object_component>
      <object_component id="oc-176">
         <name>.text:sl_Connect</name>
         <load_address>0x2000957c</load_address>
         <run_address>0x2000957c</run_address>
         <size>0x18c</size>
         <input_file_ref idref="fl-1a"/>
      </object_component>
      <object_component id="oc-133">
         <name>.text:PRCMCC3200MCUInit</name>
         <load_address>0x20009708</load_address>
         <run_address>0x20009708</run_address>
         <size>0x178</size>
         <input_file_ref idref="fl-21"/>
      </object_component>
      <object_component id="oc-941">
         <name>.text:_SlFindAndSetActiveObj</name>
         <load_address>0x20009880</load_address>
         <run_address>0x20009880</run_address>
         <size>0x170</size>
         <input_file_ref idref="fl-16"/>
      </object_component>
      <object_component id="oc-510">
         <name>.text:_SlDrvDataWriteOp</name>
         <load_address>0x200099f0</load_address>
         <run_address>0x200099f0</run_address>
         <size>0x150</size>
         <input_file_ref idref="fl-16"/>
      </object_component>
      <object_component id="oc-195">
         <name>.text:__vla_alloc</name>
         <load_address>0x20009b40</load_address>
         <run_address>0x20009b40</run_address>
         <size>0x14c</size>
         <input_file_ref idref="fl-de"/>
      </object_component>
      <object_component id="oc-29a">
         <name>.text:spi_Open</name>
         <load_address>0x20009c8c</load_address>
         <run_address>0x20009c8c</run_address>
         <size>0x148</size>
         <input_file_ref idref="fl-1c"/>
      </object_component>
      <object_component id="oc-655">
         <name>.text:_SlDrvMsgReadCmdCtx</name>
         <load_address>0x20009dd4</load_address>
         <run_address>0x20009dd4</run_address>
         <size>0x144</size>
         <input_file_ref idref="fl-16"/>
      </object_component>
      <object_component id="oc-158">
         <name>.text:sl_NetAppDnsGetHostByName</name>
         <load_address>0x20009f18</load_address>
         <run_address>0x20009f18</run_address>
         <size>0x144</size>
         <input_file_ref idref="fl-17"/>
      </object_component>
      <object_component id="oc-771">
         <name>.text:_pconv_e</name>
         <load_address>0x2000a05c</load_address>
         <run_address>0x2000a05c</run_address>
         <size>0x13c</size>
         <input_file_ref idref="fl-e0"/>
      </object_component>
      <object_component id="oc-8a2">
         <name>.text</name>
         <load_address>0x2000a198</load_address>
         <run_address>0x2000a198</run_address>
         <size>0x136</size>
         <input_file_ref idref="fl-e9"/>
      </object_component>
      <object_component id="oc-1b4">
         <name>.text:sl_Send</name>
         <load_address>0x2000a2d0</load_address>
         <run_address>0x2000a2d0</run_address>
         <size>0x134</size>
         <input_file_ref idref="fl-1a"/>
      </object_component>
      <object_component id="oc-303">
         <name>.text:_SlDrvDriverCBDeinit</name>
         <load_address>0x2000a404</load_address>
         <run_address>0x2000a404</run_address>
         <size>0x130</size>
         <input_file_ref idref="fl-16"/>
      </object_component>
      <object_component id="oc-8ce">
         <name>.text:fcvt</name>
         <load_address>0x2000a534</load_address>
         <run_address>0x2000a534</run_address>
         <size>0x120</size>
         <input_file_ref idref="fl-e0"/>
      </object_component>
      <object_component id="oc-876">
         <name>.text:fputs</name>
         <load_address>0x2000a654</load_address>
         <run_address>0x2000a654</run_address>
         <size>0x114</size>
         <input_file_ref idref="fl-e4"/>
      </object_component>
      <object_component id="oc-9d8">
         <name>.text:_SlDrvNetAppEventHandler</name>
         <load_address>0x2000a768</load_address>
         <run_address>0x2000a768</run_address>
         <size>0x104</size>
         <input_file_ref idref="fl-17"/>
      </object_component>
      <object_component id="oc-575">
         <name>.text:aligned_alloc</name>
         <load_address>0x2000a86c</load_address>
         <run_address>0x2000a86c</run_address>
         <size>0x100</size>
         <input_file_ref idref="fl-fe"/>
      </object_component>
      <object_component id="oc-89d">
         <name>.text</name>
         <load_address>0x2000a96c</load_address>
         <run_address>0x2000a96c</run_address>
         <size>0xfc</size>
         <input_file_ref idref="fl-ea"/>
      </object_component>
      <object_component id="oc-d2">
         <name>.text:sl_Start</name>
         <load_address>0x2000aa68</load_address>
         <run_address>0x2000aa68</run_address>
         <size>0xf0</size>
         <input_file_ref idref="fl-15"/>
      </object_component>
      <object_component id="oc-e4">
         <name>.text:sl_Stop</name>
         <load_address>0x2000ab58</load_address>
         <run_address>0x2000ab58</run_address>
         <size>0xf0</size>
         <input_file_ref idref="fl-15"/>
      </object_component>
      <object_component id="oc-93b">
         <name>.text:spi_Read</name>
         <load_address>0x2000ac48</load_address>
         <run_address>0x2000ac48</run_address>
         <size>0xf0</size>
         <input_file_ref idref="fl-1c"/>
      </object_component>
      <object_component id="oc-ab0">
         <name>.text:uDMAChannelTransferSet</name>
         <load_address>0x2000ad38</load_address>
         <run_address>0x2000ad38</run_address>
         <size>0xf0</size>
         <input_file_ref idref="fl-25"/>
      </object_component>
      <object_component id="oc-836">
         <name>.text:_SlAsyncEventGenericHandler</name>
         <load_address>0x2000ae28</load_address>
         <run_address>0x2000ae28</run_address>
         <size>0xe8</size>
         <input_file_ref idref="fl-16"/>
      </object_component>
      <object_component id="oc-636">
         <name>.text:_SlDrvMsgReadSpawnCtx</name>
         <load_address>0x2000af10</load_address>
         <run_address>0x2000af10</run_address>
         <size>0xe8</size>
         <input_file_ref idref="fl-16"/>
      </object_component>
      <object_component id="oc-256">
         <name>.text:free</name>
         <load_address>0x2000aff8</load_address>
         <run_address>0x2000aff8</run_address>
         <size>0xe4</size>
         <input_file_ref idref="fl-fe"/>
      </object_component>
      <object_component id="oc-250">
         <name>.text:realloc</name>
         <load_address>0x2000b0dc</load_address>
         <run_address>0x2000b0dc</run_address>
         <size>0xe4</size>
         <input_file_ref idref="fl-fe"/>
      </object_component>
      <object_component id="oc-33e">
         <name>.text:sl_NetAppMDNSRegisterUnregisterService</name>
         <load_address>0x2000b1c0</load_address>
         <run_address>0x2000b1c0</run_address>
         <size>0xe4</size>
         <input_file_ref idref="fl-17"/>
      </object_component>
      <object_component id="oc-935">
         <name>.text:_SlDrvClassifyRxMsg</name>
         <load_address>0x2000b2a4</load_address>
         <run_address>0x2000b2a4</run_address>
         <size>0xdc</size>
         <input_file_ref idref="fl-16"/>
      </object_component>
      <object_component id="oc-a10">
         <name>.text:setvbuf</name>
         <load_address>0x2000b380</load_address>
         <run_address>0x2000b380</run_address>
         <size>0xdc</size>
         <input_file_ref idref="fl-e6"/>
      </object_component>
      <object_component id="oc-17d">
         <name>.text</name>
         <load_address>0x2000b45c</load_address>
         <run_address>0x2000b45c</run_address>
         <size>0xd8</size>
         <input_file_ref idref="fl-a"/>
      </object_component>
      <object_component id="oc-725">
         <name>.text:SPITransfer32</name>
         <load_address>0x2000b534</load_address>
         <run_address>0x2000b534</run_address>
         <size>0xd0</size>
         <input_file_ref idref="fl-22"/>
      </object_component>
      <object_component id="oc-8e2">
         <name>.text:scalbn</name>
         <load_address>0x2000b604</load_address>
         <run_address>0x2000b604</run_address>
         <size>0xd0</size>
         <input_file_ref idref="fl-109"/>
      </object_component>
      <object_component id="oc-71f">
         <name>.text:SPITransfer16</name>
         <load_address>0x2000b6d4</load_address>
         <run_address>0x2000b6d4</run_address>
         <size>0xce</size>
         <input_file_ref idref="fl-22"/>
      </object_component>
      <object_component id="oc-a6e">
         <name>.text:_sl_HandleAsync_DnsGetHostByService</name>
         <load_address>0x2000b7a4</load_address>
         <run_address>0x2000b7a4</run_address>
         <size>0xcc</size>
         <input_file_ref idref="fl-17"/>
      </object_component>
      <object_component id="oc-ea">
         <name>.text:sl_DevGet</name>
         <load_address>0x2000b870</load_address>
         <run_address>0x2000b870</run_address>
         <size>0xcc</size>
         <input_file_ref idref="fl-15"/>
      </object_component>
      <object_component id="oc-611">
         <name>.text:_SlRemoveFromList</name>
         <load_address>0x2000b93c</load_address>
         <run_address>0x2000b93c</run_address>
         <size>0xc4</size>
         <input_file_ref idref="fl-16"/>
      </object_component>
      <object_component id="oc-2e7">
         <name>.text:_SlDrvCmdOp</name>
         <load_address>0x2000ba00</load_address>
         <run_address>0x2000ba00</run_address>
         <size>0xc0</size>
         <input_file_ref idref="fl-16"/>
      </object_component>
      <object_component id="oc-719">
         <name>.text:SPITransfer8</name>
         <load_address>0x2000bac0</load_address>
         <run_address>0x2000bac0</run_address>
         <size>0xb8</size>
         <input_file_ref idref="fl-22"/>
      </object_component>
      <object_component id="oc-75a">
         <name>.text:_ltostr</name>
         <load_address>0x2000bb78</load_address>
         <run_address>0x2000bb78</run_address>
         <size>0xb1</size>
         <input_file_ref idref="fl-e0"/>
      </object_component>
      <object_component id="oc-5a0">
         <name>.text:_SlNonOsSemGet</name>
         <load_address>0x2000bc2c</load_address>
         <run_address>0x2000bc2c</run_address>
         <size>0xb0</size>
         <input_file_ref idref="fl-19"/>
      </object_component>
      <object_component id="oc-5f0">
         <name>.text:IntDisable</name>
         <load_address>0x2000bcdc</load_address>
         <run_address>0x2000bcdc</run_address>
         <size>0xa8</size>
         <input_file_ref idref="fl-1f"/>
      </object_component>
      <object_component id="oc-12d">
         <name>.text:IntEnable</name>
         <load_address>0x2000bd84</load_address>
         <run_address>0x2000bd84</run_address>
         <size>0xa8</size>
         <input_file_ref idref="fl-1f"/>
      </object_component>
      <object_component id="oc-60a">
         <name>.text:_SlDriverHandleError</name>
         <load_address>0x2000be2c</load_address>
         <run_address>0x2000be2c</run_address>
         <size>0xa4</size>
         <input_file_ref idref="fl-16"/>
      </object_component>
      <object_component id="oc-4a6">
         <name>.text:SPIConfigSetExpClk</name>
         <load_address>0x2000bed0</load_address>
         <run_address>0x2000bed0</run_address>
         <size>0xa0</size>
         <input_file_ref idref="fl-22"/>
      </object_component>
      <object_component id="oc-1c0">
         <name>.text:sl_Recv</name>
         <load_address>0x2000bf70</load_address>
         <run_address>0x2000bf70</run_address>
         <size>0xa0</size>
         <input_file_ref idref="fl-1a"/>
      </object_component>
      <object_component id="oc-3d">
         <name>.text</name>
         <load_address>0x2000c010</load_address>
         <run_address>0x2000c010</run_address>
         <size>0x9c</size>
         <input_file_ref idref="fl-ed"/>
      </object_component>
      <object_component id="oc-a54">
         <name>.text:_SlDrvDeviceEventHandler</name>
         <load_address>0x2000c0ac</load_address>
         <run_address>0x2000c0ac</run_address>
         <size>0x9a</size>
         <input_file_ref idref="fl-15"/>
      </object_component>
      <object_component id="oc-14c">
         <name>.text:sl_DevSet</name>
         <load_address>0x2000c148</load_address>
         <run_address>0x2000c148</run_address>
         <size>0x98</size>
         <input_file_ref idref="fl-15"/>
      </object_component>
      <object_component id="oc-102">
         <name>.text:sl_NetCfgSet</name>
         <load_address>0x2000c1e0</load_address>
         <run_address>0x2000c1e0</run_address>
         <size>0x98</size>
         <input_file_ref idref="fl-18"/>
      </object_component>
      <object_component id="oc-170">
         <name>.text:sl_SetSockOpt</name>
         <load_address>0x2000c278</load_address>
         <run_address>0x2000c278</run_address>
         <size>0x98</size>
         <input_file_ref idref="fl-1a"/>
      </object_component>
      <object_component id="oc-108">
         <name>.text:sl_WlanSet</name>
         <load_address>0x2000c310</load_address>
         <run_address>0x2000c310</run_address>
         <size>0x98</size>
         <input_file_ref idref="fl-1b"/>
      </object_component>
      <object_component id="oc-83f">
         <name>.text:spi_Write</name>
         <load_address>0x2000c3a8</load_address>
         <run_address>0x2000c3a8</run_address>
         <size>0x98</size>
         <input_file_ref idref="fl-1c"/>
      </object_component>
      <object_component id="oc-896">
         <name>.text</name>
         <load_address>0x2000c440</load_address>
         <run_address>0x2000c440</run_address>
         <size>0x96</size>
         <input_file_ref idref="fl-ee"/>
      </object_component>
      <object_component id="oc-220">
         <name>.text:PRCMPeripheralClockGet</name>
         <load_address>0x2000c4d8</load_address>
         <run_address>0x2000c4d8</run_address>
         <size>0x94</size>
         <input_file_ref idref="fl-21"/>
      </object_component>
      <object_component id="oc-a68">
         <name>.text:_sl_HandleAsync_DnsGetHostByName</name>
         <load_address>0x2000c56c</load_address>
         <run_address>0x2000c56c</run_address>
         <size>0x90</size>
         <input_file_ref idref="fl-17"/>
      </object_component>
      <object_component id="oc-9de">
         <name>.text:_sl_HandleAsync_PingResponse</name>
         <load_address>0x2000c5fc</load_address>
         <run_address>0x2000c5fc</run_address>
         <size>0x90</size>
         <input_file_ref idref="fl-17"/>
      </object_component>
      <object_component id="oc-f0">
         <name>.text:sl_WlanPolicySet</name>
         <load_address>0x2000c68c</load_address>
         <run_address>0x2000c68c</run_address>
         <size>0x90</size>
         <input_file_ref idref="fl-1b"/>
      </object_component>
      <object_component id="oc-9e5">
         <name>.text:SetupDMAReceive</name>
         <load_address>0x2000c71c</load_address>
         <run_address>0x2000c71c</run_address>
         <size>0x8c</size>
         <input_file_ref idref="fl-1c"/>
      </object_component>
      <object_component id="oc-94c">
         <name>.text:SetupDMASend</name>
         <load_address>0x2000c7a8</load_address>
         <run_address>0x2000c7a8</run_address>
         <size>0x8c</size>
         <input_file_ref idref="fl-1c"/>
      </object_component>
      <object_component id="oc-7f0">
         <name>.text:_SlDrvIsTimeoutExpired</name>
         <load_address>0x2000c834</load_address>
         <run_address>0x2000c834</run_address>
         <size>0x8c</size>
         <input_file_ref idref="fl-16"/>
      </object_component>
      <object_component id="oc-aee">
         <name>.text:_sl_HandleAsync_InitComplete</name>
         <load_address>0x2000c8c0</load_address>
         <run_address>0x2000c8c0</run_address>
         <size>0x8c</size>
         <input_file_ref idref="fl-15"/>
      </object_component>
      <object_component id="oc-87d">
         <name>.text:fputc</name>
         <load_address>0x2000c94c</load_address>
         <run_address>0x2000c94c</run_address>
         <size>0x8c</size>
         <input_file_ref idref="fl-e3"/>
      </object_component>
      <object_component id="oc-16a">
         <name>.text:sl_Socket</name>
         <load_address>0x2000c9d8</load_address>
         <run_address>0x2000c9d8</run_address>
         <size>0x8c</size>
         <input_file_ref idref="fl-1a"/>
      </object_component>
      <object_component id="oc-6c7">
         <name>.text:PinConfigSet</name>
         <load_address>0x2000ca64</load_address>
         <run_address>0x2000ca64</run_address>
         <size>0x88</size>
         <input_file_ref idref="fl-20"/>
      </object_component>
      <object_component id="oc-4b8">
         <name>.text:SPITransfer</name>
         <load_address>0x2000caec</load_address>
         <run_address>0x2000caec</run_address>
         <size>0x88</size>
         <input_file_ref idref="fl-22"/>
      </object_component>
      <object_component id="oc-760">
         <name>.text:__aeabi_cdcmple</name>
         <load_address>0x2000cb74</load_address>
         <run_address>0x2000cb74</run_address>
         <size>0x86</size>
         <input_file_ref idref="fl-e8"/>
      </object_component>
      <object_component id="oc-8a7">
         <name>.text:__aeabi_cdrcmple</name>
         <load_address>0x2000cbfa</load_address>
         <run_address>0x2000cbfa</run_address>
         <size>0x86</size>
         <input_file_ref idref="fl-e8"/>
      </object_component>
      <object_component id="oc-457">
         <name>.text:I2CMasterInitExpClk</name>
         <load_address>0x2000cc80</load_address>
         <run_address>0x2000cc80</run_address>
         <size>0x84</size>
         <input_file_ref idref="fl-1e"/>
      </object_component>
      <object_component id="oc-28e">
         <name>.text:NwpPowerOnPreamble</name>
         <load_address>0x2000cd04</load_address>
         <run_address>0x2000cd04</run_address>
         <size>0x84</size>
         <input_file_ref idref="fl-1c"/>
      </object_component>
      <object_component id="oc-11a">
         <name>.text:sl_WlanRxFilterSet</name>
         <load_address>0x2000cd88</load_address>
         <run_address>0x2000cd88</run_address>
         <size>0x84</size>
         <input_file_ref idref="fl-1b"/>
      </object_component>
      <object_component id="oc-38b">
         <name>.text:GPIOIntTypeSet</name>
         <load_address>0x2000ce0c</load_address>
         <run_address>0x2000ce0c</run_address>
         <size>0x82</size>
         <input_file_ref idref="fl-1d"/>
      </object_component>
      <object_component id="oc-a90">
         <name>.text:_sl_HandleAsync_Connect</name>
         <load_address>0x2000ce90</load_address>
         <run_address>0x2000ce90</run_address>
         <size>0x80</size>
         <input_file_ref idref="fl-1a"/>
      </object_component>
      <object_component id="oc-9eb">
         <name>.text:spi_Read_CPU</name>
         <load_address>0x2000cf10</load_address>
         <run_address>0x2000cf10</run_address>
         <size>0x80</size>
         <input_file_ref idref="fl-1c"/>
      </object_component>
      <object_component id="oc-958">
         <name>.text:spi_Write_CPU</name>
         <load_address>0x2000cf90</load_address>
         <run_address>0x2000cf90</run_address>
         <size>0x80</size>
         <input_file_ref idref="fl-1c"/>
      </object_component>
      <object_component id="oc-488">
         <name>.text:SPIIntStatus</name>
         <load_address>0x2000d010</load_address>
         <run_address>0x2000d010</run_address>
         <size>0x7c</size>
         <input_file_ref idref="fl-22"/>
      </object_component>
      <object_component id="oc-8b">
         <name>.text</name>
         <load_address>0x2000d08c</load_address>
         <run_address>0x2000d08c</run_address>
         <size>0x7a</size>
         <input_file_ref idref="fl-ef"/>
      </object_component>
      <object_component id="oc-473">
         <name>.text:_ZN33_INTERNAL_11_vla_alloc_c_be8bd49b21free_dead_allocationsEPv</name>
         <load_address>0x2000d108</load_address>
         <run_address>0x2000d108</run_address>
         <size>0x78</size>
         <input_file_ref idref="fl-de"/>
      </object_component>
      <object_component id="oc-2fd">
         <name>.text:spi_Close</name>
         <load_address>0x2000d180</load_address>
         <run_address>0x2000d180</run_address>
         <size>0x78</size>
         <input_file_ref idref="fl-1c"/>
      </object_component>
      <object_component id="oc-226">
         <name>.text:UARTConfigSetExpClk</name>
         <load_address>0x2000d1f8</load_address>
         <run_address>0x2000d1f8</run_address>
         <size>0x76</size>
         <input_file_ref idref="fl-24"/>
      </object_component>
      <object_component id="oc-d8">
         <name>.text:_SlNonOsMainLoopTask</name>
         <load_address>0x2000d270</load_address>
         <run_address>0x2000d270</run_address>
         <size>0x74</size>
         <input_file_ref idref="fl-19"/>
      </object_component>
      <object_component id="oc-b1e">
         <name>.text:__TI_closefile</name>
         <load_address>0x2000d2e4</load_address>
         <run_address>0x2000d2e4</run_address>
         <size>0x74</size>
         <input_file_ref idref="fl-11f"/>
      </object_component>
      <object_component id="oc-1a1">
         <name>.text:__vla_dealloc</name>
         <load_address>0x2000d358</load_address>
         <run_address>0x2000d358</run_address>
         <size>0x70</size>
         <input_file_ref idref="fl-de"/>
      </object_component>
      <object_component id="oc-582">
         <name>.text:split</name>
         <load_address>0x2000d3c8</load_address>
         <run_address>0x2000d3c8</run_address>
         <size>0x70</size>
         <input_file_ref idref="fl-fe"/>
      </object_component>
      <object_component id="oc-8c7">
         <name>.text:_mcpy</name>
         <load_address>0x2000d438</load_address>
         <run_address>0x2000d438</run_address>
         <size>0x6e</size>
         <input_file_ref idref="fl-e0"/>
      </object_component>
      <object_component id="oc-b4e">
         <name>.text:HOSTrename</name>
         <load_address>0x2000d4a8</load_address>
         <run_address>0x2000d4a8</run_address>
         <size>0x6c</size>
         <input_file_ref idref="fl-119"/>
      </object_component>
      <object_component id="oc-b06">
         <name>.text:_SlDrvCmdSend</name>
         <load_address>0x2000d514</load_address>
         <run_address>0x2000d514</run_address>
         <size>0x6c</size>
         <input_file_ref idref="fl-16"/>
      </object_component>
      <object_component id="oc-a7a">
         <name>.text:_sl_NetAppSendTokenValue</name>
         <load_address>0x2000d580</load_address>
         <run_address>0x2000d580</run_address>
         <size>0x6c</size>
         <input_file_ref idref="fl-17"/>
      </object_component>
      <object_component id="oc-b42">
         <name>.text:HOSTlseek</name>
         <load_address>0x2000d5ec</load_address>
         <run_address>0x2000d5ec</run_address>
         <size>0x68</size>
         <input_file_ref idref="fl-116"/>
      </object_component>
      <object_component id="oc-15">
         <name>.text:decompress:lzss:__TI_decompress_lzss</name>
         <load_address>0x2000d654</load_address>
         <run_address>0x2000d654</run_address>
         <size>0x68</size>
         <input_file_ref idref="fl-f2"/>
      </object_component>
      <object_component id="oc-4c4">
         <name>.text:printf</name>
         <load_address>0x2000d6bc</load_address>
         <run_address>0x2000d6bc</run_address>
         <size>0x68</size>
         <input_file_ref idref="fl-df"/>
      </object_component>
      <object_component id="oc-630">
         <name>.text:_SlNonOsSpawn</name>
         <load_address>0x2000d724</load_address>
         <run_address>0x2000d724</run_address>
         <size>0x64</size>
         <input_file_ref idref="fl-19"/>
      </object_component>
      <object_component id="oc-a8a">
         <name>.text:_sl_HandleAsync_Accept</name>
         <load_address>0x2000d788</load_address>
         <run_address>0x2000d788</run_address>
         <size>0x64</size>
         <input_file_ref idref="fl-1a"/>
      </object_component>
      <object_component id="oc-a0a">
         <name>.text:fseek</name>
         <load_address>0x2000d7ec</load_address>
         <run_address>0x2000d7ec</run_address>
         <size>0x64</size>
         <input_file_ref idref="fl-10f"/>
      </object_component>
      <object_component id="oc-10e">
         <name>.text:sl_NetAppMDNSUnRegisterService</name>
         <load_address>0x2000d850</load_address>
         <run_address>0x2000d850</run_address>
         <size>0x64</size>
         <input_file_ref idref="fl-17"/>
      </object_component>
      <object_component id="oc-804">
         <name>.text:uDMAChannelAttributeDisable</name>
         <load_address>0x2000d8b4</load_address>
         <run_address>0x2000d8b4</run_address>
         <size>0x64</size>
         <input_file_ref idref="fl-25"/>
      </object_component>
      <object_component id="oc-aaa">
         <name>.text:uDMAChannelAttributeEnable</name>
         <load_address>0x2000d918</load_address>
         <run_address>0x2000d918</run_address>
         <size>0x64</size>
         <input_file_ref idref="fl-25"/>
      </object_component>
      <object_component id="oc-969">
         <name>.text:__TI_wrt_ok</name>
         <load_address>0x2000d97c</load_address>
         <run_address>0x2000d97c</run_address>
         <size>0x62</size>
         <input_file_ref idref="fl-e5"/>
      </object_component>
      <object_component id="oc-b2a">
         <name>.text:HOSTopen</name>
         <load_address>0x2000d9e0</load_address>
         <run_address>0x2000d9e0</run_address>
         <size>0x60</size>
         <input_file_ref idref="fl-117"/>
      </object_component>
      <object_component id="oc-1ba">
         <name>.text:sl_Close</name>
         <load_address>0x2000da40</load_address>
         <run_address>0x2000da40</run_address>
         <size>0x60</size>
         <input_file_ref idref="fl-1a"/>
      </object_component>
      <object_component id="oc-f6">
         <name>.text:sl_WlanProfileDel</name>
         <load_address>0x2000daa0</load_address>
         <run_address>0x2000daa0</run_address>
         <size>0x60</size>
         <input_file_ref idref="fl-1b"/>
      </object_component>
      <object_component id="oc-de">
         <name>.text:sl_WlanSetMode</name>
         <load_address>0x2000db00</load_address>
         <run_address>0x2000db00</run_address>
         <size>0x60</size>
         <input_file_ref idref="fl-1b"/>
      </object_component>
      <object_component id="oc-b73">
         <name>.text:close</name>
         <load_address>0x2000db60</load_address>
         <run_address>0x2000db60</run_address>
         <size>0x5c</size>
         <input_file_ref idref="fl-122"/>
      </object_component>
      <object_component id="oc-8dc">
         <name>.text:frexp</name>
         <load_address>0x2000dbbc</load_address>
         <run_address>0x2000dbbc</run_address>
         <size>0x5c</size>
         <input_file_ref idref="fl-108"/>
      </object_component>
      <object_component id="oc-b36">
         <name>.text:HOSTread</name>
         <load_address>0x2000dc18</load_address>
         <run_address>0x2000dc18</run_address>
         <size>0x58</size>
         <input_file_ref idref="fl-118"/>
      </object_component>
      <object_component id="oc-b3c">
         <name>.text:HOSTwrite</name>
         <load_address>0x2000dc70</load_address>
         <run_address>0x2000dc70</run_address>
         <size>0x58</size>
         <input_file_ref idref="fl-11b"/>
      </object_component>
      <object_component id="oc-5fc">
         <name>.text:IntPendClear</name>
         <load_address>0x2000dcc8</load_address>
         <run_address>0x2000dcc8</run_address>
         <size>0x58</size>
         <input_file_ref idref="fl-1f"/>
      </object_component>
      <object_component id="oc-372">
         <name>.text:PRCMPeripheralReset</name>
         <load_address>0x2000dd20</load_address>
         <run_address>0x2000dd20</run_address>
         <size>0x58</size>
         <input_file_ref idref="fl-21"/>
      </object_component>
      <object_component id="oc-76b">
         <name>.text:_pconv_f</name>
         <load_address>0x2000dd78</load_address>
         <run_address>0x2000dd78</run_address>
         <size>0x56</size>
         <input_file_ref idref="fl-e0"/>
      </object_component>
      <object_component id="oc-391">
         <name>.text:IntPrioritySet</name>
         <load_address>0x2000ddd0</load_address>
         <run_address>0x2000ddd0</run_address>
         <size>0x54</size>
         <input_file_ref idref="fl-1f"/>
      </object_component>
      <object_component id="oc-2d0">
         <name>.text:_SlDrvRxIrqHandler</name>
         <load_address>0x2000de24</load_address>
         <run_address>0x2000de24</run_address>
         <size>0x54</size>
         <input_file_ref idref="fl-16"/>
      </object_component>
      <object_component id="oc-8b1">
         <name>.text:__TI_ltoa</name>
         <load_address>0x2000de78</load_address>
         <run_address>0x2000de78</run_address>
         <size>0x54</size>
         <input_file_ref idref="fl-f5"/>
      </object_component>
      <object_component id="oc-a96">
         <name>.text:_sl_HandleAsync_Select</name>
         <load_address>0x2000decc</load_address>
         <run_address>0x2000decc</run_address>
         <size>0x54</size>
         <input_file_ref idref="fl-1a"/>
      </object_component>
      <object_component id="oc-8c1">
         <name>.text:_ecpy</name>
         <load_address>0x2000df20</load_address>
         <run_address>0x2000df20</run_address>
         <size>0x52</size>
         <input_file_ref idref="fl-e0"/>
      </object_component>
      <object_component id="oc-a9c">
         <name>.text:_sl_HandleAsync_Stop</name>
         <load_address>0x2000df74</load_address>
         <run_address>0x2000df74</run_address>
         <size>0x50</size>
         <input_file_ref idref="fl-15"/>
      </object_component>
      <object_component id="oc-4dc">
         <name>.text:SPIIntEnable</name>
         <load_address>0x2000dfc4</load_address>
         <run_address>0x2000dfc4</run_address>
         <size>0x4c</size>
         <input_file_ref idref="fl-22"/>
      </object_component>
      <object_component id="oc-740">
         <name>.text:SPIIntNumberGet</name>
         <load_address>0x2000e010</load_address>
         <run_address>0x2000e010</run_address>
         <size>0x4c</size>
         <input_file_ref idref="fl-22"/>
      </object_component>
      <object_component id="oc-2a0">
         <name>.text:_SlDrvProtectAsyncRespSetting</name>
         <load_address>0x2000e05c</load_address>
         <run_address>0x2000e05c</run_address>
         <size>0x4c</size>
         <input_file_ref idref="fl-16"/>
      </object_component>
      <object_component id="oc-975">
         <name>.text:__TI_doflush</name>
         <load_address>0x2000e0a8</load_address>
         <run_address>0x2000e0a8</run_address>
         <size>0x4c</size>
         <input_file_ref idref="fl-10d"/>
      </object_component>
      <object_component id="oc-3f2">
         <name>.text:_sl_BuildAddress</name>
         <load_address>0x2000e0f4</load_address>
         <run_address>0x2000e0f4</run_address>
         <size>0x4c</size>
         <input_file_ref idref="fl-1a"/>
      </object_component>
      <object_component id="oc-754">
         <name>.text:atoi</name>
         <load_address>0x2000e140</load_address>
         <run_address>0x2000e140</run_address>
         <size>0x4c</size>
         <input_file_ref idref="fl-f6"/>
      </object_component>
      <object_component id="oc-7fe">
         <name>.text:uDMAChannelAssign</name>
         <load_address>0x2000e18c</load_address>
         <run_address>0x2000e18c</run_address>
         <size>0x4c</size>
         <input_file_ref idref="fl-25"/>
      </object_component>
      <object_component id="oc-6a5">
         <name>.text:GPIOGetIntNumber</name>
         <load_address>0x2000e1d8</load_address>
         <run_address>0x2000e1d8</run_address>
         <size>0x48</size>
         <input_file_ref idref="fl-1d"/>
      </object_component>
      <object_component id="oc-48e">
         <name>.text:SPIIntClear</name>
         <load_address>0x2000e220</load_address>
         <run_address>0x2000e220</run_address>
         <size>0x48</size>
         <input_file_ref idref="fl-22"/>
      </object_component>
      <object_component id="oc-329">
         <name>.text:_SlDrvBasicCmd</name>
         <load_address>0x2000e268</load_address>
         <run_address>0x2000e268</run_address>
         <size>0x48</size>
         <input_file_ref idref="fl-16"/>
      </object_component>
      <object_component id="oc-1e8">
         <name>.text:exit</name>
         <load_address>0x2000e2b0</load_address>
         <run_address>0x2000e2b0</run_address>
         <size>0x48</size>
         <input_file_ref idref="fl-f3"/>
      </object_component>
      <object_component id="oc-8ac">
         <name>.text</name>
         <load_address>0x2000e2f8</load_address>
         <run_address>0x2000e2f8</run_address>
         <size>0x48</size>
         <input_file_ref idref="fl-eb"/>
      </object_component>
      <object_component id="oc-b30">
         <name>.text:HOSTclose</name>
         <load_address>0x2000e340</load_address>
         <run_address>0x2000e340</run_address>
         <size>0x44</size>
         <input_file_ref idref="fl-115"/>
      </object_component>
      <object_component id="oc-b48">
         <name>.text:HOSTunlink</name>
         <load_address>0x2000e384</load_address>
         <run_address>0x2000e384</run_address>
         <size>0x44</size>
         <input_file_ref idref="fl-11a"/>
      </object_component>
      <object_component id="oc-70a">
         <name>.text:SPIDmaMaskGet</name>
         <load_address>0x2000e3c8</load_address>
         <run_address>0x2000e3c8</run_address>
         <size>0x44</size>
         <input_file_ref idref="fl-22"/>
      </object_component>
      <object_component id="oc-a36">
         <name>.text:TimerConfigure</name>
         <load_address>0x2000e40c</load_address>
         <run_address>0x2000e40c</run_address>
         <size>0x44</size>
         <input_file_ref idref="fl-23"/>
      </object_component>
      <object_component id="oc-aff">
         <name>.text:_SlDrvHandleHttpServerEvents</name>
         <load_address>0x2000e450</load_address>
         <run_address>0x2000e450</run_address>
         <size>0x44</size>
         <input_file_ref idref="fl-16"/>
      </object_component>
      <object_component id="oc-2b8">
         <name>.text:_SlDrvSyncObjWaitTimeout</name>
         <load_address>0x2000e494</load_address>
         <run_address>0x2000e494</run_address>
         <size>0x44</size>
         <input_file_ref idref="fl-16"/>
      </object_component>
      <object_component id="oc-1ee">
         <name>.text:__TI_auto_init_nobinit_nopinit:__TI_auto_init_nobinit_nopinit</name>
         <load_address>0x2000e4d8</load_address>
         <run_address>0x2000e4d8</run_address>
         <size>0x44</size>
         <input_file_ref idref="fl-111"/>
      </object_component>
      <object_component id="oc-9f8">
         <name>.text:cc_SetupTransfer</name>
         <load_address>0x2000e51c</load_address>
         <run_address>0x2000e51c</run_address>
         <size>0x44</size>
         <input_file_ref idref="fl-1c"/>
      </object_component>
      <object_component id="oc-ba6">
         <name>.text:getdevice</name>
         <load_address>0x2000e560</load_address>
         <run_address>0x2000e560</run_address>
         <size>0x44</size>
         <input_file_ref idref="fl-120"/>
      </object_component>
      <object_component id="oc-164">
         <name>.text:sl_Htonl</name>
         <load_address>0x2000e5a4</load_address>
         <run_address>0x2000e5a4</run_address>
         <size>0x42</size>
         <input_file_ref idref="fl-1a"/>
      </object_component>
      <object_component id="oc-6cd">
         <name>.text:PinModeSet</name>
         <load_address>0x2000e5e8</load_address>
         <run_address>0x2000e5e8</run_address>
         <size>0x40</size>
         <input_file_ref idref="fl-20"/>
      </object_component>
      <object_component id="oc-a60">
         <name>.text:_SlDrvHandleNetAppEvents</name>
         <load_address>0x2000e628</load_address>
         <run_address>0x2000e628</run_address>
         <size>0x40</size>
         <input_file_ref idref="fl-16"/>
      </object_component>
      <object_component id="oc-a5a">
         <name>.text:_SlDrvHandleWlanEvents</name>
         <load_address>0x2000e668</load_address>
         <run_address>0x2000e668</run_address>
         <size>0x40</size>
         <input_file_ref idref="fl-16"/>
      </object_component>
      <object_component id="oc-50a">
         <name>.text:_sl_TruncatePayloadByProtocol</name>
         <load_address>0x2000e6a8</load_address>
         <run_address>0x2000e6a8</run_address>
         <size>0x40</size>
         <input_file_ref idref="fl-1a"/>
      </object_component>
      <object_component id="oc-1ae">
         <name>.text:sprintf</name>
         <load_address>0x2000e6e8</load_address>
         <run_address>0x2000e6e8</run_address>
         <size>0x40</size>
         <input_file_ref idref="fl-e1"/>
      </object_component>
      <object_component id="oc-232">
         <name>.text:vsnprintf</name>
         <load_address>0x2000e728</load_address>
         <run_address>0x2000e728</run_address>
         <size>0x40</size>
         <input_file_ref idref="fl-e2"/>
      </object_component>
      <object_component id="oc-2ac">
         <name>.text:NwpRegisterInterruptHandler</name>
         <load_address>0x2000e768</load_address>
         <run_address>0x2000e768</run_address>
         <size>0x3e</size>
         <input_file_ref idref="fl-1c"/>
      </object_component>
      <object_component id="oc-8d4">
         <name>.text:_fcpy</name>
         <load_address>0x2000e7a6</load_address>
         <run_address>0x2000e7a6</run_address>
         <size>0x3e</size>
         <input_file_ref idref="fl-e0"/>
      </object_component>
      <object_component id="oc-a81">
         <name>.text:CopyPingResultsToReport</name>
         <load_address>0x2000e7e4</load_address>
         <run_address>0x2000e7e4</run_address>
         <size>0x3c</size>
         <input_file_ref idref="fl-17"/>
      </object_component>
      <object_component id="oc-36c">
         <name>.text:PRCMPeripheralClkEnable</name>
         <load_address>0x2000e820</load_address>
         <run_address>0x2000e820</run_address>
         <size>0x3c</size>
         <input_file_ref idref="fl-21"/>
      </object_component>
      <object_component id="oc-9c1">
         <name>.text:simplelink_timerA2_start</name>
         <load_address>0x2000e85c</load_address>
         <run_address>0x2000e85c</run_address>
         <size>0x3c</size>
         <input_file_ref idref="fl-1c"/>
      </object_component>
      <object_component id="oc-15e">
         <name>.text:sl_Htons</name>
         <load_address>0x2000e898</load_address>
         <run_address>0x2000e898</run_address>
         <size>0x3c</size>
         <input_file_ref idref="fl-1a"/>
      </object_component>
      <object_component id="oc-aa4">
         <name>.text:uDMAChannelControlSet</name>
         <load_address>0x2000e8d4</load_address>
         <run_address>0x2000e8d4</run_address>
         <size>0x3c</size>
         <input_file_ref idref="fl-25"/>
      </object_component>
      <object_component id="oc-2a6">
         <name>.text:NwpPowerOff</name>
         <load_address>0x2000e910</load_address>
         <run_address>0x2000e910</run_address>
         <size>0x38</size>
         <input_file_ref idref="fl-1c"/>
      </object_component>
      <object_component id="oc-b84">
         <name>.text:__TI_writemsg</name>
         <load_address>0x2000e948</load_address>
         <run_address>0x2000e948</run_address>
         <size>0x38</size>
         <input_file_ref idref="fl-11c"/>
      </object_component>
      <object_component id="oc-fc">
         <name>.text:sl_WlanDisconnect</name>
         <load_address>0x2000e980</load_address>
         <run_address>0x2000e980</run_address>
         <size>0x38</size>
         <input_file_ref idref="fl-1b"/>
      </object_component>
      <object_component id="oc-402">
         <name>.text:GPIODirModeSet</name>
         <load_address>0x2000e9b8</load_address>
         <run_address>0x2000e9b8</run_address>
         <size>0x36</size>
         <input_file_ref idref="fl-1d"/>
      </object_component>
      <object_component id="oc-1c6">
         <name>.text:strncpy</name>
         <load_address>0x2000e9ee</load_address>
         <run_address>0x2000e9ee</run_address>
         <size>0x36</size>
         <input_file_ref idref="fl-103"/>
      </object_component>
      <object_component id="oc-2b2">
         <name>.text:NwpPowerOn</name>
         <load_address>0x2000ea24</load_address>
         <run_address>0x2000ea24</run_address>
         <size>0x34</size>
         <input_file_ref idref="fl-1c"/>
      </object_component>
      <object_component id="oc-5b1">
         <name>.text:PRCMPeripheralStatusGet</name>
         <load_address>0x2000ea58</load_address>
         <run_address>0x2000ea58</run_address>
         <size>0x34</size>
         <input_file_ref idref="fl-21"/>
      </object_component>
      <object_component id="oc-5c9">
         <name>.text:SPIFIFOLevelSet</name>
         <load_address>0x2000ea8c</load_address>
         <run_address>0x2000ea8c</run_address>
         <size>0x34</size>
         <input_file_ref idref="fl-22"/>
      </object_component>
      <object_component id="oc-ac5">
         <name>.text:__TI_cleanup</name>
         <load_address>0x2000eac0</load_address>
         <run_address>0x2000eac0</run_address>
         <size>0x34</size>
         <input_file_ref idref="fl-10e"/>
      </object_component>
      <object_component id="oc-b8a">
         <name>.text:__TI_readmsg</name>
         <load_address>0x2000eaf4</load_address>
         <run_address>0x2000eaf4</run_address>
         <size>0x34</size>
         <input_file_ref idref="fl-11c"/>
      </object_component>
      <object_component id="oc-3fc">
         <name>.text:PinTypeGPIO</name>
         <load_address>0x2000eb28</load_address>
         <run_address>0x2000eb28</run_address>
         <size>0x30</size>
         <input_file_ref idref="fl-20"/>
      </object_component>
      <object_component id="oc-54b">
         <name>.text:UARTDisable</name>
         <load_address>0x2000eb58</load_address>
         <run_address>0x2000eb58</run_address>
         <size>0x30</size>
         <input_file_ref idref="fl-24"/>
      </object_component>
      <object_component id="oc-559">
         <name>.text:_outs</name>
         <load_address>0x2000eb88</load_address>
         <run_address>0x2000eb88</run_address>
         <size>0x30</size>
         <input_file_ref idref="fl-e2"/>
      </object_component>
      <object_component id="oc-bc8">
         <name>.text:finddevice</name>
         <load_address>0x2000ebb8</load_address>
         <run_address>0x2000ebb8</run_address>
         <size>0x30</size>
         <input_file_ref idref="fl-120"/>
      </object_component>
      <object_component id="oc-8b7">
         <name>.text</name>
         <load_address>0x2000ebe8</load_address>
         <run_address>0x2000ebe8</run_address>
         <size>0x2e</size>
         <input_file_ref idref="fl-ec"/>
      </object_component>
      <object_component id="oc-433">
         <name>.text:I2CMasterErr</name>
         <load_address>0x2000ec16</load_address>
         <run_address>0x2000ec16</run_address>
         <size>0x2c</size>
         <input_file_ref idref="fl-1e"/>
      </object_component>
      <object_component id="oc-35a">
         <name>.text:PRCMSysResetCauseGet</name>
         <load_address>0x2000ec44</load_address>
         <run_address>0x2000ec44</run_address>
         <size>0x2c</size>
         <input_file_ref idref="fl-21"/>
      </object_component>
      <object_component id="oc-643">
         <name>.text:_SlDrvObjGlobalLockWaitForever</name>
         <load_address>0x2000ec70</load_address>
         <run_address>0x2000ec70</run_address>
         <size>0x2c</size>
         <input_file_ref idref="fl-16"/>
      </object_component>
      <object_component id="oc-3c7">
         <name>.text:_SlDrvProtectionObjLockWaitForever</name>
         <load_address>0x2000ec9c</load_address>
         <run_address>0x2000ec9c</run_address>
         <size>0x2c</size>
         <input_file_ref idref="fl-16"/>
      </object_component>
      <object_component id="oc-b79">
         <name>.text:unlink</name>
         <load_address>0x2000ecc8</load_address>
         <run_address>0x2000ecc8</run_address>
         <size>0x2c</size>
         <input_file_ref idref="fl-123"/>
      </object_component>
      <object_component id="oc-49a">
         <name>.text:SPIDataGetNonBlocking</name>
         <load_address>0x2000ecf4</load_address>
         <run_address>0x2000ecf4</run_address>
         <size>0x2a</size>
         <input_file_ref idref="fl-22"/>
      </object_component>
      <object_component id="oc-a42">
         <name>.text:TimerLoadSet</name>
         <load_address>0x2000ed1e</load_address>
         <run_address>0x2000ed1e</run_address>
         <size>0x2a</size>
         <input_file_ref idref="fl-23"/>
      </object_component>
      <object_component id="oc-a3c">
         <name>.text:TimerPrescaleSet</name>
         <load_address>0x2000ed48</load_address>
         <run_address>0x2000ed48</run_address>
         <size>0x2a</size>
         <input_file_ref idref="fl-23"/>
      </object_component>
      <object_component id="oc-378">
         <name>.text:PRCMPeripheralClkDisable</name>
         <load_address>0x2000ed74</load_address>
         <run_address>0x2000ed74</run_address>
         <size>0x28</size>
         <input_file_ref idref="fl-21"/>
      </object_component>
      <object_component id="oc-649">
         <name>.text:_SlDrvGlobalObjUnLock</name>
         <load_address>0x2000ed9c</load_address>
         <run_address>0x2000ed9c</run_address>
         <size>0x28</size>
         <input_file_ref idref="fl-16"/>
      </object_component>
      <object_component id="oc-3cd">
         <name>.text:_SlDrvProtectionObjUnLock</name>
         <load_address>0x2000edc4</load_address>
         <run_address>0x2000edc4</run_address>
         <size>0x28</size>
         <input_file_ref idref="fl-16"/>
      </object_component>
      <object_component id="oc-3d3">
         <name>.text:_SlDrvSyncObjWaitForever</name>
         <load_address>0x2000edec</load_address>
         <run_address>0x2000edec</run_address>
         <size>0x28</size>
         <input_file_ref idref="fl-16"/>
      </object_component>
      <object_component id="oc-589">
         <name>.text:free_list_insert</name>
         <load_address>0x2000ee14</load_address>
         <run_address>0x2000ee14</run_address>
         <size>0x28</size>
         <input_file_ref idref="fl-fe"/>
      </object_component>
      <object_component id="oc-abd">
         <name>.text:lseek</name>
         <load_address>0x2000ee3c</load_address>
         <run_address>0x2000ee3c</run_address>
         <size>0x28</size>
         <input_file_ref idref="fl-11e"/>
      </object_component>
      <object_component id="oc-244">
         <name>.text:memmove</name>
         <load_address>0x2000ee64</load_address>
         <run_address>0x2000ee64</run_address>
         <size>0x28</size>
         <input_file_ref idref="fl-fd"/>
      </object_component>
      <object_component id="oc-97b">
         <name>.text:write</name>
         <load_address>0x2000ee8c</load_address>
         <run_address>0x2000ee8c</run_address>
         <size>0x28</size>
         <input_file_ref idref="fl-104"/>
      </object_component>
      <object_component id="oc-7a3">
         <name>.text:_SlDrvObjLockWaitForever</name>
         <load_address>0x2000eeb4</load_address>
         <run_address>0x2000eeb4</run_address>
         <size>0x26</size>
         <input_file_ref idref="fl-16"/>
      </object_component>
      <object_component id="oc-b59">
         <name>.text</name>
         <load_address>0x2000eeda</load_address>
         <run_address>0x2000eeda</run_address>
         <size>0x26</size>
         <input_file_ref idref="fl-9"/>
      </object_component>
      <object_component id="oc-5db">
         <name>.text:DmaSpiSwIntHandler</name>
         <load_address>0x2000ef00</load_address>
         <run_address>0x2000ef00</run_address>
         <size>0x24</size>
         <input_file_ref idref="fl-1c"/>
      </object_component>
      <object_component id="oc-5f6">
         <name>.text:IntUnregister</name>
         <load_address>0x2000ef24</load_address>
         <run_address>0x2000ef24</run_address>
         <size>0x24</size>
[...]
         <name>UARTCharsAvail</name>
         <value>0x2000f3f1</value>
         <object_component_ref idref="oc-238"/>
      </symbol>
      <symbol id="sm-1000">
         <name>UARTCharGetNonBlocking</name>
         <value>0x2000f203</value>
         <object_component_ref idref="oc-23e"/>
      </symbol>
      <symbol id="sm-1001">
         <name>UARTCharPut</name>
         <value>0x2000f18f</value>
         <object_component_ref idref="oc-22c"/>
      </symbol>
      <symbol id="sm-1002">
         <name>UARTEnable</name>
         <value>0x2000ef49</value>
         <object_component_ref idref="oc-551"/>
      </symbol>
      <symbol id="sm-1003">
         <name>UARTCharGet</name>
         <value>0x2000f4ef</value>
         <object_component_ref idref="oc-4b2"/>
      </symbol>
      <symbol id="sm-105a">
         <name>uDMAChannelControlSet</name>
         <value>0x2000e8d5</value>
         <object_component_ref idref="oc-aa4"/>
      </symbol>
      <symbol id="sm-105b">
         <name>uDMAChannelAttributeEnable</name>
         <value>0x2000d919</value>
         <object_component_ref idref="oc-aaa"/>
      </symbol>
      <symbol id="sm-105c">
         <name>uDMAChannelTransferSet</name>
         <value>0x2000ad39</value>
         <object_component_ref idref="oc-ab0"/>
      </symbol>
      <symbol id="sm-105d">
         <name>uDMAChannelAssign</name>
         <value>0x2000e18d</value>
         <object_component_ref idref="oc-7fe"/>
      </symbol>
      <symbol id="sm-105e">
         <name>uDMAChannelAttributeDisable</name>
         <value>0x2000d8b5</value>
         <object_component_ref idref="oc-804"/>
      </symbol>
      <symbol id="sm-105f">
         <name>uDMAChannelEnable</name>
         <value>0x2000f275</value>
         <object_component_ref idref="oc-ab6"/>
      </symbol>
      <symbol id="sm-1063">
         <name>UtilsDelay</name>
         <value>0x2000f669</value>
         <object_component_ref idref="oc-14b"/>
      </symbol>
      <symbol id="sm-106d">
         <name>CPUcpsie</name>
         <value>0x2000f531</value>
         <object_component_ref idref="oc-34f"/>
      </symbol>
      <symbol id="sm-10d1">
         <name>__vla_dealloc</name>
         <value>0x2000d359</value>
         <object_component_ref idref="oc-1a1"/>
      </symbol>
      <symbol id="sm-10d2">
         <name>__vla_alloc</name>
         <value>0x20009b41</value>
         <object_component_ref idref="oc-195"/>
      </symbol>
      <symbol id="sm-10fe">
         <name>printf</name>
         <value>0x2000d6bd</value>
         <object_component_ref idref="oc-4c4"/>
      </symbol>
      <symbol id="sm-1268">
         <name>__TI_printfi</name>
         <value>0x20005b3d</value>
         <object_component_ref idref="oc-4f6"/>
      </symbol>
      <symbol id="sm-128a">
         <name>sprintf</name>
         <value>0x2000e6e9</value>
         <object_component_ref idref="oc-1ae"/>
      </symbol>
      <symbol id="sm-12b4">
         <name>vsnprintf</name>
         <value>0x2000e729</value>
         <object_component_ref idref="oc-232"/>
      </symbol>
      <symbol id="sm-12c9">
         <name>putc</name>
         <value>0x2000c94d</value>
         <object_component_ref idref="oc-87d"/>
      </symbol>
      <symbol id="sm-12ca">
         <name>fputc</name>
         <value>0x2000c94d</value>
         <object_component_ref idref="oc-87d"/>
      </symbol>
      <symbol id="sm-12e8">
         <name>fputs</name>
         <value>0x2000a655</value>
         <object_component_ref idref="oc-876"/>
      </symbol>
      <symbol id="sm-1300">
         <name>__TI_wrt_ok</name>
         <value>0x2000d97d</value>
         <object_component_ref idref="oc-969"/>
      </symbol>
      <symbol id="sm-131c">
         <name>setvbuf</name>
         <value>0x2000b381</value>
         <object_component_ref idref="oc-a10"/>
      </symbol>
      <symbol id="sm-1333">
         <name>__aeabi_dsub</name>
         <value>0x20008ee5</value>
         <object_component_ref idref="oc-8bc"/>
      </symbol>
      <symbol id="sm-1334">
         <name>__aeabi_dadd</name>
         <value>0x20008eef</value>
         <object_component_ref idref="oc-8bc"/>
      </symbol>
      <symbol id="sm-1356">
         <name>__aeabi_cdcmpeq</name>
         <value>0x2000cb75</value>
         <object_component_ref idref="oc-760"/>
      </symbol>
      <symbol id="sm-1357">
         <name>__aeabi_cdcmple</name>
         <value>0x2000cb75</value>
         <object_component_ref idref="oc-760"/>
      </symbol>
      <symbol id="sm-1358">
         <name>__aeabi_cdrcmple</name>
         <value>0x2000cbfb</value>
         <object_component_ref idref="oc-8a7"/>
      </symbol>
      <symbol id="sm-136c">
         <name>__aeabi_ddiv</name>
         <value>0x2000a199</value>
         <object_component_ref idref="oc-8a2"/>
      </symbol>
      <symbol id="sm-1377">
         <name>__aeabi_dmul</name>
         <value>0x2000a96d</value>
         <object_component_ref idref="oc-89d"/>
      </symbol>
      <symbol id="sm-1381">
         <name>__aeabi_d2iz</name>
         <value>0x2000e2f9</value>
         <object_component_ref idref="oc-8ac"/>
      </symbol>
      <symbol id="sm-138b">
         <name>__aeabi_i2d</name>
         <value>0x2000ebe9</value>
         <object_component_ref idref="oc-8b7"/>
      </symbol>
      <symbol id="sm-13a6">
         <name>memcpy</name>
         <value>0x2000c011</value>
         <object_component_ref idref="oc-3d"/>
      </symbol>
      <symbol id="sm-13a7">
         <name>__aeabi_memcpy</name>
         <value>0x2000c011</value>
         <object_component_ref idref="oc-3d"/>
      </symbol>
      <symbol id="sm-13a8">
         <name>__aeabi_memcpy8</name>
         <value>0x2000c011</value>
         <object_component_ref idref="oc-3d"/>
      </symbol>
      <symbol id="sm-13a9">
         <name>__aeabi_memcpy4</name>
         <value>0x2000c011</value>
         <object_component_ref idref="oc-3d"/>
      </symbol>
      <symbol id="sm-13b6">
         <name>__aeabi_uldivmod</name>
         <value>0x2000c441</value>
         <object_component_ref idref="oc-896"/>
      </symbol>
      <symbol id="sm-13c5">
         <name>__aeabi_memset</name>
         <value>0x2000d08f</value>
         <object_component_ref idref="oc-8b"/>
      </symbol>
      <symbol id="sm-13c6">
         <name>memset</name>
         <value>0x2000d095</value>
         <object_component_ref idref="oc-8b"/>
      </symbol>
      <symbol id="sm-13c7">
         <name>__aeabi_memset8</name>
         <value>0x2000d08f</value>
         <object_component_ref idref="oc-8b"/>
      </symbol>
      <symbol id="sm-13c8">
         <name>__aeabi_memset4</name>
         <value>0x2000d08f</value>
         <object_component_ref idref="oc-8b"/>
      </symbol>
      <symbol id="sm-13c9">
         <name>__aeabi_memclr8</name>
         <value>0x2000d08d</value>
         <object_component_ref idref="oc-8b"/>
      </symbol>
      <symbol id="sm-13ca">
         <name>__aeabi_memclr4</name>
         <value>0x2000d08d</value>
         <object_component_ref idref="oc-8b"/>
      </symbol>
      <symbol id="sm-13cb">
         <name>__aeabi_memclr</name>
         <value>0x2000d08d</value>
         <object_component_ref idref="oc-8b"/>
      </symbol>
      <symbol id="sm-13dd">
         <name>__TI_zero_init</name>
         <value>0x2000f639</value>
         <object_component_ref idref="oc-4f"/>
      </symbol>
      <symbol id="sm-13f4">
         <name>__TI_decompress_none</name>
         <value>0x2000f5f7</value>
         <object_component_ref idref="oc-1b"/>
      </symbol>
      <symbol id="sm-1417">
         <name>__TI_decompress_lzss</name>
         <value>0x2000d655</value>
         <object_component_ref idref="oc-15"/>
      </symbol>
      <symbol id="sm-143d">
         <name>C$$EXIT</name>
         <value>0x2000f67f</value>
         <object_component_ref idref="oc-1e2"/>
      </symbol>
      <symbol id="sm-143e">
         <name>abort</name>
         <value>0x2000f67f</value>
         <object_component_ref idref="oc-1e2"/>
      </symbol>
      <symbol id="sm-143f">
         <name>__TI_dtors_ptr</name>
         <value>0x20020c98</value>
         <object_component_ref idref="oc-52b"/>
      </symbol>
      <symbol id="sm-1440">
         <name>__TI_cleanup_ptr</name>
         <value>0x20020c94</value>
         <object_component_ref idref="oc-52b"/>
      </symbol>
      <symbol id="sm-1441">
         <name>__TI_enable_exit_profile_output</name>
         <value>0x20020c9c</value>
         <object_component_ref idref="oc-52b"/>
      </symbol>
      <symbol id="sm-1442">
         <name>exit</name>
         <value>0x2000e2b1</value>
         <object_component_ref idref="oc-1e8"/>
      </symbol>
      <symbol id="sm-1457">
         <name>_nop</name>
         <value>0x200076ff</value>
         <object_component_ref idref="oc-7bb"/>
      </symbol>
      <symbol id="sm-1458">
         <name>_lock</name>
         <value>0x20020cb8</value>
         <object_component_ref idref="oc-52e"/>
      </symbol>
      <symbol id="sm-1459">
         <name>_unlock</name>
         <value>0x20020cbc</value>
         <object_component_ref idref="oc-52e"/>
      </symbol>
      <symbol id="sm-1468">
         <name>__TI_ltoa</name>
         <value>0x2000de79</value>
         <object_component_ref idref="oc-8b1"/>
      </symbol>
      <symbol id="sm-147e">
         <name>atoi</name>
         <value>0x2000e141</value>
         <object_component_ref idref="oc-754"/>
      </symbol>
      <symbol id="sm-1489">
         <name>_ctypes_</name>
         <value>0x2000f684</value>
         <object_component_ref idref="oc-891"/>
      </symbol>
      <symbol id="sm-149e">
         <name>__TI_tmpnams</name>
         <value>0x20020838</value>
      </symbol>
      <symbol id="sm-149f">
         <name>__aeabi_stdout</name>
         <value>0x20020c7c</value>
         <object_component_ref idref="oc-b24"/>
      </symbol>
      <symbol id="sm-14a0">
         <name>__aeabi_stderr</name>
         <value>0x20020c80</value>
         <object_component_ref idref="oc-b24"/>
      </symbol>
      <symbol id="sm-14a1">
         <name>__aeabi_stdin</name>
         <value>0x20020c78</value>
         <object_component_ref idref="oc-b24"/>
      </symbol>
      <symbol id="sm-14a2">
         <name>_ftable</name>
         <value>0x20020a5c</value>
         <object_component_ref idref="oc-72d"/>
      </symbol>
      <symbol id="sm-14a3">
         <name>__TI_ft_end</name>
         <value>0x20020c74</value>
         <object_component_ref idref="oc-b24"/>
      </symbol>
      <symbol id="sm-14b5">
         <name>memccpy</name>
         <value>0x2000f259</value>
         <object_component_ref idref="oc-77d"/>
      </symbol>
      <symbol id="sm-14c5">
         <name>memchr</name>
         <value>0x2000f0d9</value>
         <object_component_ref idref="oc-96f"/>
      </symbol>
      <symbol id="sm-14d6">
         <name>memmove</name>
         <value>0x2000ee65</value>
         <object_component_ref idref="oc-244"/>
      </symbol>
      <symbol id="sm-1574">
         <name>_sys_memory</name>
         <value>0x20017000</value>
         <object_component_ref idref="oc-23"/>
      </symbol>
      <symbol id="sm-1575">
         <name>free</name>
         <value>0x2000aff9</value>
         <object_component_ref idref="oc-256"/>
      </symbol>
      <symbol id="sm-1576">
         <name>realloc</name>
         <value>0x2000b0dd</value>
         <object_component_ref idref="oc-250"/>
      </symbol>
      <symbol id="sm-1577">
         <name>memalign</name>
         <value>0x2000a86d</value>
         <object_component_ref idref="oc-575"/>
      </symbol>
      <symbol id="sm-1578">
         <name>malloc</name>
         <value>0x2000f661</value>
         <object_component_ref idref="oc-24a"/>
      </symbol>
      <symbol id="sm-1579">
         <name>aligned_alloc</name>
         <value>0x2000a86d</value>
         <object_component_ref idref="oc-575"/>
      </symbol>
      <symbol id="sm-1589">
         <name>strchr</name>
         <value>0x2000f51b</value>
         <object_component_ref idref="oc-8e8"/>
      </symbol>
      <symbol id="sm-1598">
         <name>strcmp</name>
         <value>0x2000f469</value>
         <object_component_ref idref="oc-bdb"/>
      </symbol>
      <symbol id="sm-15a6">
         <name>strcpy</name>
         <value>0x2000f56d</value>
         <object_component_ref idref="oc-1a8"/>
      </symbol>
      <symbol id="sm-15b4">
         <name>strlen</name>
         <value>0x2000f581</value>
         <object_component_ref idref="oc-139"/>
      </symbol>
      <symbol id="sm-15c4">
         <name>strncpy</name>
         <value>0x2000e9ef</value>
         <object_component_ref idref="oc-1c6"/>
      </symbol>
      <symbol id="sm-15de">
         <name>write</name>
         <value>0x2000ee8d</value>
         <object_component_ref idref="oc-97b"/>
      </symbol>
      <symbol id="sm-15ef">
         <name>_stream</name>
         <value>0x20020bc4</value>
         <object_component_ref idref="oc-a1c"/>
      </symbol>
      <symbol id="sm-15f0">
         <name>_device</name>
         <value>0x20020b4c</value>
         <object_component_ref idref="oc-ad8"/>
      </symbol>
      <symbol id="sm-1602">
         <name>__stack</name>
         <value>0x2002f000</value>
         <object_component_ref idref="oc-26"/>
      </symbol>
      <symbol id="sm-1603">
         <name>_c_int00_noargs</name>
         <value>0x2000ef6d</value>
         <object_component_ref idref="oc-5b"/>
      </symbol>
      <symbol id="sm-1619">
         <name>__aeabi_errno_addr</name>
         <value>0x2000f659</value>
         <object_component_ref idref="oc-789"/>
      </symbol>
      <symbol id="sm-161a">
         <name>errno</name>
         <value>0x20020cc8</value>
         <object_component_ref idref="oc-8f8"/>
      </symbol>
      <symbol id="sm-163a">
         <name>frexpl</name>
         <value>0x2000dbbd</value>
         <object_component_ref idref="oc-8dc"/>
      </symbol>
      <symbol id="sm-163b">
         <name>frexp</name>
         <value>0x2000dbbd</value>
         <object_component_ref idref="oc-8dc"/>
      </symbol>
      <symbol id="sm-1659">
         <name>scalbn</name>
         <value>0x2000b605</value>
         <object_component_ref idref="oc-8e2"/>
      </symbol>
      <symbol id="sm-165a">
         <name>scalbnl</name>
         <value>0x2000b605</value>
         <object_component_ref idref="oc-8e2"/>
      </symbol>
      <symbol id="sm-165b">
         <name>ldexpl</name>
         <value>0x2000b605</value>
         <object_component_ref idref="oc-8e2"/>
      </symbol>
      <symbol id="sm-165c">
         <name>ldexp</name>
         <value>0x2000b605</value>
         <object_component_ref idref="oc-8e2"/>
      </symbol>
      <symbol id="sm-1666">
         <name>__abort_execution</name>
         <value>0x2000f66f</value>
         <object_component_ref idref="oc-46d"/>
      </symbol>
      <symbol id="sm-167f">
         <name>wcslen</name>
         <value>0x2000f5b9</value>
         <object_component_ref idref="oc-783"/>
      </symbol>
      <symbol id="sm-1689">
         <name>copysign</name>
         <value>0x2000f62d</value>
         <object_component_ref idref="oc-9a5"/>
      </symbol>
      <symbol id="sm-168a">
         <name>copysignl</name>
         <value>0x2000f62d</value>
         <object_component_ref idref="oc-9a5"/>
      </symbol>
      <symbol id="sm-169a">
         <name>__TI_doflush</name>
         <value>0x2000e0a9</value>
         <object_component_ref idref="oc-975"/>
      </symbol>
      <symbol id="sm-16aa">
         <name>__TI_cleanup</name>
         <value>0x2000eac1</value>
         <object_component_ref idref="oc-ac5"/>
      </symbol>
      <symbol id="sm-16bc">
         <name>fseek</name>
         <value>0x2000d7ed</value>
         <object_component_ref idref="oc-a0a"/>
      </symbol>
      <symbol id="sm-16c6">
         <name>__aeabi_idiv0</name>
         <value>0x2000909b</value>
         <object_component_ref idref="oc-98c"/>
      </symbol>
      <symbol id="sm-16c7">
         <name>__aeabi_ldiv0</name>
         <value>0x2000909b</value>
         <object_component_ref idref="oc-98c"/>
      </symbol>
      <symbol id="sm-16ef">
         <name>__TI_auto_init_nobinit_nopinit</name>
         <value>0x2000e4d9</value>
         <object_component_ref idref="oc-1ee"/>
      </symbol>
      <symbol id="sm-16f9">
         <name>_system_pre_init</name>
         <value>0x2000f67b</value>
         <object_component_ref idref="oc-91"/>
      </symbol>
      <symbol id="sm-170c">
         <name>HOSTclose</name>
         <value>0x2000e341</value>
         <object_component_ref idref="oc-b30"/>
      </symbol>
      <symbol id="sm-171d">
         <name>HOSTlseek</name>
         <value>0x2000d5ed</value>
         <object_component_ref idref="oc-b42"/>
      </symbol>
      <symbol id="sm-172f">
         <name>parmbuf</name>
         <value>0x20020a48</value>
      </symbol>
      <symbol id="sm-1730">
         <name>HOSTopen</name>
         <value>0x2000d9e1</value>
         <object_component_ref idref="oc-b2a"/>
      </symbol>
      <symbol id="sm-1741">
         <name>HOSTread</name>
         <value>0x2000dc19</value>
         <object_component_ref idref="oc-b36"/>
      </symbol>
      <symbol id="sm-1752">
         <name>HOSTrename</name>
         <value>0x2000d4a9</value>
         <object_component_ref idref="oc-b4e"/>
      </symbol>
      <symbol id="sm-1763">
         <name>HOSTunlink</name>
         <value>0x2000e385</value>
         <object_component_ref idref="oc-b48"/>
      </symbol>
      <symbol id="sm-1774">
         <name>HOSTwrite</name>
         <value>0x2000dc71</value>
         <object_component_ref idref="oc-b3c"/>
      </symbol>
      <symbol id="sm-1798">
         <name>__TI_readmsg</name>
         <value>0x2000eaf5</value>
         <object_component_ref idref="oc-b8a"/>
      </symbol>
      <symbol id="sm-1799">
         <name>C$$IO$$</name>
         <value>0x2000e977</value>
         <object_component_ref idref="oc-b84"/>
      </symbol>
      <symbol id="sm-179a">
         <name>__CIOBUF_</name>
         <value>0x20020718</value>
         <object_component_ref idref="oc-bb0"/>
      </symbol>
      <symbol id="sm-179b">
         <name>__TI_writemsg</name>
         <value>0x2000e949</value>
         <object_component_ref idref="oc-b84"/>
      </symbol>
      <symbol id="sm-17ac">
         <name>lseek</name>
         <value>0x2000ee3d</value>
         <object_component_ref idref="oc-abd"/>
      </symbol>
      <symbol id="sm-17c1">
         <name>__TI_closefile</name>
         <value>0x2000d2e5</value>
         <object_component_ref idref="oc-b1e"/>
      </symbol>
      <symbol id="sm-17e4">
         <name>finddevice</name>
         <value>0x2000ebb9</value>
         <object_component_ref idref="oc-bc8"/>
      </symbol>
      <symbol id="sm-17e5">
         <name>getdevice</name>
         <value>0x2000e561</value>
         <object_component_ref idref="oc-ba6"/>
      </symbol>
      <symbol id="sm-17fa">
         <name>close</name>
         <value>0x2000db61</value>
         <object_component_ref idref="oc-b73"/>
      </symbol>
      <symbol id="sm-180a">
         <name>unlink</name>
         <value>0x2000ecc9</value>
         <object_component_ref idref="oc-b79"/>
      </symbol>
      <symbol id="sm-180b">
         <name>__TI_static_base__</name>
         <value>0x2000fde0</value>
      </symbol>
      <symbol id="sm-180e">
         <name>__mpu_init</name>
         <value>0x0</value>
      </symbol>
      <symbol id="sm-180f">
         <name>_system_post_cinit</name>
         <value>0x0</value>
      </symbol>
      <symbol id="sm-1810">
         <name>remove</name>
         <value>0x2000ecc9</value>
      </symbol>
   </symbol_table>
   <title>Link successful</title>
</link_info>
